Archive member included to satisfy reference by file (symbol)

/sdk/libsdk.a(getKey.o)       obj/src/main.o (symbol from plugin) (_getKey)
/sdk/libsdk.a(debug.o)        obj/src/main.o (symbol from plugin) (_Debug_Printf)
/sdk/libsdk.a(input.o)        obj/src/main.o (symbol from plugin) (_GetInput)
/sdk/libsdk.a(lcd.o)          obj/src/main.o (symbol from plugin) (_LCD_ClearScreen)
/sdk/libsdk.a(string.o)       obj/src/main.o (symbol from plugin) (_String_Strcpy)
/sdk/libsdk.a(calc.o)         obj/src/main.o (symbol from plugin) (_width)
/toolchain/lib/gcc/sh4aeb-elf/13.2.0/libgcc.a(_set_fpscr.o)
                              /toolchain/lib/gcc/sh4aeb-elf/13.2.0/crt1.o (___set_fpscr)
/toolchain/lib/gcc/sh4aeb-elf/13.2.0/../../../../sh4aeb-elf/lib/libc.a(libc_a-atexit.o)
                              /toolchain/lib/gcc/sh4aeb-elf/13.2.0/crt1.o (_atexit)
/toolchain/lib/gcc/sh4aeb-elf/13.2.0/../../../../sh4aeb-elf/lib/libc.a(libc_a-exit.o)
                              /toolchain/lib/gcc/sh4aeb-elf/13.2.0/../../../../sh4aeb-elf/lib/crt0.o (_exit)
/toolchain/lib/gcc/sh4aeb-elf/13.2.0/../../../../sh4aeb-elf/lib/libc.a(libc_a-findfp.o)
                              /toolchain/lib/gcc/sh4aeb-elf/13.2.0/../../../../sh4aeb-elf/lib/libc.a(libc_a-exit.o) (___stdio_exit_handler)
/toolchain/lib/gcc/sh4aeb-elf/13.2.0/../../../../sh4aeb-elf/lib/libc.a(libc_a-fwalk.o)
                              /toolchain/lib/gcc/sh4aeb-elf/13.2.0/../../../../sh4aeb-elf/lib/libc.a(libc_a-findfp.o) (__fwalk_sglue)
/toolchain/lib/gcc/sh4aeb-elf/13.2.0/../../../../sh4aeb-elf/lib/libc.a(libc_a-stdio.o)
                              /toolchain/lib/gcc/sh4aeb-elf/13.2.0/../../../../sh4aeb-elf/lib/libc.a(libc_a-findfp.o) (___sread)
/toolchain/lib/gcc/sh4aeb-elf/13.2.0/../../../../sh4aeb-elf/lib/libc.a(libc_a-closer.o)
                              /toolchain/lib/gcc/sh4aeb-elf/13.2.0/../../../../sh4aeb-elf/lib/libc.a(libc_a-stdio.o) (__close_r)
/toolchain/lib/gcc/sh4aeb-elf/13.2.0/../../../../sh4aeb-elf/lib/libc.a(libc_a-reent.o)
                              /toolchain/lib/gcc/sh4aeb-elf/13.2.0/../../../../sh4aeb-elf/lib/libc.a(libc_a-closer.o) (_errno)
/toolchain/lib/gcc/sh4aeb-elf/13.2.0/../../../../sh4aeb-elf/lib/libc.a(libc_a-impure.o)
                              /toolchain/lib/gcc/sh4aeb-elf/13.2.0/../../../../sh4aeb-elf/lib/libc.a(libc_a-reent.o) (__impure_ptr)
/toolchain/lib/gcc/sh4aeb-elf/13.2.0/../../../../sh4aeb-elf/lib/libc.a(libc_a-lseekr.o)
                              /toolchain/lib/gcc/sh4aeb-elf/13.2.0/../../../../sh4aeb-elf/lib/libc.a(libc_a-stdio.o) (__lseek_r)
/toolchain/lib/gcc/sh4aeb-elf/13.2.0/../../../../sh4aeb-elf/lib/libc.a(libc_a-readr.o)
                              /toolchain/lib/gcc/sh4aeb-elf/13.2.0/../../../../sh4aeb-elf/lib/libc.a(libc_a-stdio.o) (__read_r)
/toolchain/lib/gcc/sh4aeb-elf/13.2.0/../../../../sh4aeb-elf/lib/libc.a(libc_a-writer.o)
                              /toolchain/lib/gcc/sh4aeb-elf/13.2.0/../../../../sh4aeb-elf/lib/libc.a(libc_a-stdio.o) (__write_r)
/toolchain/lib/gcc/sh4aeb-elf/13.2.0/../../../../sh4aeb-elf/lib/libc.a(libc_a-syscalls.o)
                              /toolchain/lib/gcc/sh4aeb-elf/13.2.0/../../../../sh4aeb-elf/lib/crt0.o (_cas_setup)
/toolchain/lib/gcc/sh4aeb-elf/13.2.0/../../../../sh4aeb-elf/lib/libc.a(libc_a-cas_file.o)
                              /toolchain/lib/gcc/sh4aeb-elf/13.2.0/../../../../sh4aeb-elf/lib/libc.a(libc_a-syscalls.o) (_cas_close)
/toolchain/lib/gcc/sh4aeb-elf/13.2.0/../../../../sh4aeb-elf/lib/libc.a(libc_a-memset.o)
                              /toolchain/lib/gcc/sh4aeb-elf/13.2.0/../../../../sh4aeb-elf/lib/libc.a(libc_a-findfp.o) (_memset)
/toolchain/lib/gcc/sh4aeb-elf/13.2.0/../../../../sh4aeb-elf/lib/libc.a(libc_a-malloc_r.o)
                              /toolchain/lib/gcc/sh4aeb-elf/13.2.0/../../../../sh4aeb-elf/lib/libc.a(libc_a-findfp.o) (__malloc_r)
/toolchain/lib/gcc/sh4aeb-elf/13.2.0/../../../../sh4aeb-elf/lib/libc.a(libc_a-__atexit.o)
                              /toolchain/lib/gcc/sh4aeb-elf/13.2.0/../../../../sh4aeb-elf/lib/libc.a(libc_a-atexit.o) (___register_exitproc)
/toolchain/lib/gcc/sh4aeb-elf/13.2.0/../../../../sh4aeb-elf/lib/libc.a(libc_a-__call_atexit.o)
                              /toolchain/lib/gcc/sh4aeb-elf/13.2.0/../../../../sh4aeb-elf/lib/libc.a(libc_a-exit.o) (___call_exitprocs)
/toolchain/lib/gcc/sh4aeb-elf/13.2.0/../../../../sh4aeb-elf/lib/libc.a(libc_a-fclose.o)
                              /toolchain/lib/gcc/sh4aeb-elf/13.2.0/../../../../sh4aeb-elf/lib/libc.a(libc_a-findfp.o) (__fclose_r)
/toolchain/lib/gcc/sh4aeb-elf/13.2.0/../../../../sh4aeb-elf/lib/libc.a(libc_a-fflush.o)
                              /toolchain/lib/gcc/sh4aeb-elf/13.2.0/../../../../sh4aeb-elf/lib/libc.a(libc_a-fclose.o) (___sflush_r)
/toolchain/lib/gcc/sh4aeb-elf/13.2.0/../../../../sh4aeb-elf/lib/libc.a(libc_a-errno.o)
                              /toolchain/lib/gcc/sh4aeb-elf/13.2.0/../../../../sh4aeb-elf/lib/libc.a(libc_a-syscalls.o) (___errno)
/toolchain/lib/gcc/sh4aeb-elf/13.2.0/../../../../sh4aeb-elf/lib/libc.a(libc_a-fini.o)
                              /toolchain/lib/gcc/sh4aeb-elf/13.2.0/../../../../sh4aeb-elf/lib/libc.a(libc_a-__call_atexit.o) (___libc_fini_array)
/toolchain/lib/gcc/sh4aeb-elf/13.2.0/../../../../sh4aeb-elf/lib/libc.a(libc_a-memcpy.o)
                              /toolchain/lib/gcc/sh4aeb-elf/13.2.0/../../../../sh4aeb-elf/lib/libc.a(libc_a-malloc_r.o) (_memcpy)
/toolchain/lib/gcc/sh4aeb-elf/13.2.0/../../../../sh4aeb-elf/lib/libc.a(libc_a-malloc.o)
                              /toolchain/lib/gcc/sh4aeb-elf/13.2.0/../../../../sh4aeb-elf/lib/libc.a(libc_a-malloc_r.o) (_free)
/toolchain/lib/gcc/sh4aeb-elf/13.2.0/libgcc.a(_fixdfdi.o)
                              /home/dev/tmp//cc5FoOmr.ltrans0.ltrans.o (___fixdfdi)
/toolchain/lib/gcc/sh4aeb-elf/13.2.0/libgcc.a(_fixunsdfdi.o)
                              /toolchain/lib/gcc/sh4aeb-elf/13.2.0/libgcc.a(_fixdfdi.o) (___fixunsdfdi)
/toolchain/lib/gcc/sh4aeb-elf/13.2.0/libgcc.a(_floatdidf.o)
                              /home/dev/tmp//cc5FoOmr.ltrans0.ltrans.o (___floatdidf)
/toolchain/lib/gcc/sh4aeb-elf/13.2.0/../../../../sh4aeb-elf/lib/libc.a(libc_a-abort.o)
                              /home/dev/tmp//cc5FoOmr.ltrans0.ltrans.o (_abort)
/toolchain/lib/gcc/sh4aeb-elf/13.2.0/../../../../sh4aeb-elf/lib/libc.a(libc_a-signal.o)
                              /toolchain/lib/gcc/sh4aeb-elf/13.2.0/../../../../sh4aeb-elf/lib/libc.a(libc_a-abort.o) (_raise)
/toolchain/lib/gcc/sh4aeb-elf/13.2.0/../../../../sh4aeb-elf/lib/libc.a(libc_a-signalr.o)
                              /toolchain/lib/gcc/sh4aeb-elf/13.2.0/../../../../sh4aeb-elf/lib/libc.a(libc_a-signal.o) (__kill_r)

Allocating common symbols
Common symbol       size              file

__fpscr_values      0x8               /toolchain/lib/gcc/sh4aeb-elf/13.2.0/libgcc.a(_set_fpscr.o)

Discarded input sections

 .text          0x0000000000000000        0x0 /toolchain/lib/gcc/sh4aeb-elf/13.2.0/../../../../sh4aeb-elf/lib/crt0.o
 .data          0x0000000000000000        0x0 /toolchain/lib/gcc/sh4aeb-elf/13.2.0/../../../../sh4aeb-elf/lib/crt0.o
 .bss           0x0000000000000000        0x0 /toolchain/lib/gcc/sh4aeb-elf/13.2.0/../../../../sh4aeb-elf/lib/crt0.o
 .text          0x0000000000000000       0xc0 /toolchain/lib/gcc/sh4aeb-elf/13.2.0/crt1.o
 .data          0x0000000000000000        0x0 /toolchain/lib/gcc/sh4aeb-elf/13.2.0/crt1.o
 .bss           0x0000000000000000        0x4 /toolchain/lib/gcc/sh4aeb-elf/13.2.0/crt1.o
 .text.vbr      0x0000000000000000      0x640 /toolchain/lib/gcc/sh4aeb-elf/13.2.0/crt1.o
 .debug_abbrev  0x0000000000000000       0x45 /toolchain/lib/gcc/sh4aeb-elf/13.2.0/crt1.o
 .debug_info    0x0000000000000000       0xb7 /toolchain/lib/gcc/sh4aeb-elf/13.2.0/crt1.o
 .debug_line    0x0000000000000000       0x1d /toolchain/lib/gcc/sh4aeb-elf/13.2.0/crt1.o
 .debug_frame   0x0000000000000000       0x2c /toolchain/lib/gcc/sh4aeb-elf/13.2.0/crt1.o
 .debug_pubnames
                0x0000000000000000       0x2b /toolchain/lib/gcc/sh4aeb-elf/13.2.0/crt1.o
 .debug_aranges
                0x0000000000000000       0x20 /toolchain/lib/gcc/sh4aeb-elf/13.2.0/crt1.o
 .text          0x0000000000000000        0x0 /toolchain/lib/gcc/sh4aeb-elf/13.2.0/crti.o
 .data          0x0000000000000000        0x0 /toolchain/lib/gcc/sh4aeb-elf/13.2.0/crti.o
 .bss           0x0000000000000000        0x0 /toolchain/lib/gcc/sh4aeb-elf/13.2.0/crti.o
 .init          0x0000000000000000       0x14 /toolchain/lib/gcc/sh4aeb-elf/13.2.0/crti.o
 .fini          0x0000000000000000       0x14 /toolchain/lib/gcc/sh4aeb-elf/13.2.0/crti.o
 .text          0x0000000000000000       0xfc /toolchain/lib/gcc/sh4aeb-elf/13.2.0/crtbegin.o
 .data          0x0000000000000000        0x0 /toolchain/lib/gcc/sh4aeb-elf/13.2.0/crtbegin.o
 .bss           0x0000000000000000       0x20 /toolchain/lib/gcc/sh4aeb-elf/13.2.0/crtbegin.o
 .ctors         0x0000000000000000        0x4 /toolchain/lib/gcc/sh4aeb-elf/13.2.0/crtbegin.o
 .dtors         0x0000000000000000        0x4 /toolchain/lib/gcc/sh4aeb-elf/13.2.0/crtbegin.o
 .eh_frame      0x0000000000000000        0x0 /toolchain/lib/gcc/sh4aeb-elf/13.2.0/crtbegin.o
 .tm_clone_table
                0x0000000000000000        0x0 /toolchain/lib/gcc/sh4aeb-elf/13.2.0/crtbegin.o
 .fini          0x0000000000000000        0xc /toolchain/lib/gcc/sh4aeb-elf/13.2.0/crtbegin.o
 .init          0x0000000000000000        0xc /toolchain/lib/gcc/sh4aeb-elf/13.2.0/crtbegin.o
 .comment       0x0000000000000000       0x24 /toolchain/lib/gcc/sh4aeb-elf/13.2.0/crtbegin.o
 .data          0x0000000000000000        0x0 /home/dev/tmp//cc5FoOmr.ltrans0.ltrans.o
 .bss           0x0000000000000000        0x0 /home/dev/tmp//cc5FoOmr.ltrans0.ltrans.o
 .data          0x0000000000000000        0x0 /sdk/libsdk.a(getKey.o)
 .bss           0x0000000000000000        0x0 /sdk/libsdk.a(getKey.o)
 .text          0x0000000000000000        0x0 /sdk/libsdk.a(debug.o)
 .data          0x0000000000000000        0x0 /sdk/libsdk.a(debug.o)
 .bss           0x0000000000000000        0x0 /sdk/libsdk.a(debug.o)
 .text          0x0000000000000000        0x0 /sdk/libsdk.a(input.o)
 .data          0x0000000000000000        0x0 /sdk/libsdk.a(input.o)
 .bss           0x0000000000000000        0x0 /sdk/libsdk.a(input.o)
 .text          0x0000000000000000        0x0 /sdk/libsdk.a(lcd.o)
 .data          0x0000000000000000        0x0 /sdk/libsdk.a(lcd.o)
 .bss           0x0000000000000000        0x0 /sdk/libsdk.a(lcd.o)
 .text          0x0000000000000000        0x0 /sdk/libsdk.a(string.o)
 .data          0x0000000000000000        0x0 /sdk/libsdk.a(string.o)
 .bss           0x0000000000000000        0x0 /sdk/libsdk.a(string.o)
 .group         0x0000000000000000        0xc /sdk/libsdk.a(calc.o)
 .text          0x0000000000000000        0x0 /sdk/libsdk.a(calc.o)
 .data          0x0000000000000000        0x0 /sdk/libsdk.a(calc.o)
 .bss           0x0000000000000000        0x0 /sdk/libsdk.a(calc.o)
 .text._Z8setPixeliim
                0x0000000000000000       0x38 /sdk/libsdk.a(calc.o)
 .text._Z4lineiiiit
                0x0000000000000000       0xc4 /sdk/libsdk.a(calc.o)
 .text._Z5vlineiiit
                0x0000000000000000       0x44 /sdk/libsdk.a(calc.o)
 .text._Z8triangleiiiiiitt
                0x0000000000000000      0x210 /sdk/libsdk.a(calc.o)
 .text          0x0000000000000000       0x1c /toolchain/lib/gcc/sh4aeb-elf/13.2.0/libgcc.a(_set_fpscr.o)
 .data          0x0000000000000000        0x0 /toolchain/lib/gcc/sh4aeb-elf/13.2.0/libgcc.a(_set_fpscr.o)
 .bss           0x0000000000000000        0x0 /toolchain/lib/gcc/sh4aeb-elf/13.2.0/libgcc.a(_set_fpscr.o)
 COMMON         0x0000000000000000        0x8 /toolchain/lib/gcc/sh4aeb-elf/13.2.0/libgcc.a(_set_fpscr.o)
 .data          0x0000000000000000        0x0 /toolchain/lib/gcc/sh4aeb-elf/13.2.0/libgcc.a(_fixdfdi.o)
 .bss           0x0000000000000000        0x0 /toolchain/lib/gcc/sh4aeb-elf/13.2.0/libgcc.a(_fixdfdi.o)
 .data          0x0000000000000000        0x0 /toolchain/lib/gcc/sh4aeb-elf/13.2.0/libgcc.a(_fixunsdfdi.o)
 .bss           0x0000000000000000        0x0 /toolchain/lib/gcc/sh4aeb-elf/13.2.0/libgcc.a(_fixunsdfdi.o)
 .data          0x0000000000000000        0x0 /toolchain/lib/gcc/sh4aeb-elf/13.2.0/libgcc.a(_floatdidf.o)
 .bss           0x0000000000000000        0x0 /toolchain/lib/gcc/sh4aeb-elf/13.2.0/libgcc.a(_floatdidf.o)
 .text          0x0000000000000000        0x0 /toolchain/lib/gcc/sh4aeb-elf/13.2.0/../../../../sh4aeb-elf/lib/libc.a(libc_a-atexit.o)
 .data          0x0000000000000000        0x0 /toolchain/lib/gcc/sh4aeb-elf/13.2.0/../../../../sh4aeb-elf/lib/libc.a(libc_a-atexit.o)
 .bss           0x0000000000000000        0x0 /toolchain/lib/gcc/sh4aeb-elf/13.2.0/../../../../sh4aeb-elf/lib/libc.a(libc_a-atexit.o)
 .text.atexit   0x0000000000000000       0x10 /toolchain/lib/gcc/sh4aeb-elf/13.2.0/../../../../sh4aeb-elf/lib/libc.a(libc_a-atexit.o)
 .debug_info    0x0000000000000000      0x11a /toolchain/lib/gcc/sh4aeb-elf/13.2.0/../../../../sh4aeb-elf/lib/libc.a(libc_a-atexit.o)
 .debug_abbrev  0x0000000000000000       0xbe /toolchain/lib/gcc/sh4aeb-elf/13.2.0/../../../../sh4aeb-elf/lib/libc.a(libc_a-atexit.o)
 .debug_loclists
                0x0000000000000000       0x2a /toolchain/lib/gcc/sh4aeb-elf/13.2.0/../../../../sh4aeb-elf/lib/libc.a(libc_a-atexit.o)
 .debug_aranges
                0x0000000000000000       0x20 /toolchain/lib/gcc/sh4aeb-elf/13.2.0/../../../../sh4aeb-elf/lib/libc.a(libc_a-atexit.o)
 .debug_rnglists
                0x0000000000000000       0x13 /toolchain/lib/gcc/sh4aeb-elf/13.2.0/../../../../sh4aeb-elf/lib/libc.a(libc_a-atexit.o)
 .debug_line    0x0000000000000000       0xe2 /toolchain/lib/gcc/sh4aeb-elf/13.2.0/../../../../sh4aeb-elf/lib/libc.a(libc_a-atexit.o)
 .debug_str     0x0000000000000000      0x1bf /toolchain/lib/gcc/sh4aeb-elf/13.2.0/../../../../sh4aeb-elf/lib/libc.a(libc_a-atexit.o)
 .comment       0x0000000000000000       0x24 /toolchain/lib/gcc/sh4aeb-elf/13.2.0/../../../../sh4aeb-elf/lib/libc.a(libc_a-atexit.o)
 .debug_frame   0x0000000000000000       0x20 /toolchain/lib/gcc/sh4aeb-elf/13.2.0/../../../../sh4aeb-elf/lib/libc.a(libc_a-atexit.o)
 .text          0x0000000000000000        0x0 /toolchain/lib/gcc/sh4aeb-elf/13.2.0/../../../../sh4aeb-elf/lib/libc.a(libc_a-exit.o)
 .data          0x0000000000000000        0x0 /toolchain/lib/gcc/sh4aeb-elf/13.2.0/../../../../sh4aeb-elf/lib/libc.a(libc_a-exit.o)
 .bss           0x0000000000000000        0x0 /toolchain/lib/gcc/sh4aeb-elf/13.2.0/../../../../sh4aeb-elf/lib/libc.a(libc_a-exit.o)
 .text          0x0000000000000000        0x0 /toolchain/lib/gcc/sh4aeb-elf/13.2.0/../../../../sh4aeb-elf/lib/libc.a(libc_a-findfp.o)
 .data          0x0000000000000000        0x0 /toolchain/lib/gcc/sh4aeb-elf/13.2.0/../../../../sh4aeb-elf/lib/libc.a(libc_a-findfp.o)
 .bss           0x0000000000000000        0x0 /toolchain/lib/gcc/sh4aeb-elf/13.2.0/../../../../sh4aeb-elf/lib/libc.a(libc_a-findfp.o)
 .text.std      0x0000000000000000       0x58 /toolchain/lib/gcc/sh4aeb-elf/13.2.0/../../../../sh4aeb-elf/lib/libc.a(libc_a-findfp.o)
 .text.stdio_exit_handler
                0x0000000000000000       0x1c /toolchain/lib/gcc/sh4aeb-elf/13.2.0/../../../../sh4aeb-elf/lib/libc.a(libc_a-findfp.o)
 .text.cleanup_stdio
                0x0000000000000000       0x4c /toolchain/lib/gcc/sh4aeb-elf/13.2.0/../../../../sh4aeb-elf/lib/libc.a(libc_a-findfp.o)
 .text.global_stdio_init.part.0
                0x0000000000000000       0x48 /toolchain/lib/gcc/sh4aeb-elf/13.2.0/../../../../sh4aeb-elf/lib/libc.a(libc_a-findfp.o)
 .text.__sfp    0x0000000000000000       0xc8 /toolchain/lib/gcc/sh4aeb-elf/13.2.0/../../../../sh4aeb-elf/lib/libc.a(libc_a-findfp.o)
 .text.__sinit  0x0000000000000000       0x28 /toolchain/lib/gcc/sh4aeb-elf/13.2.0/../../../../sh4aeb-elf/lib/libc.a(libc_a-findfp.o)
 .data.__sglue  0x0000000000000000        0xc /toolchain/lib/gcc/sh4aeb-elf/13.2.0/../../../../sh4aeb-elf/lib/libc.a(libc_a-findfp.o)
 .text          0x0000000000000000        0x0 /toolchain/lib/gcc/sh4aeb-elf/13.2.0/../../../../sh4aeb-elf/lib/libc.a(libc_a-fwalk.o)
 .data          0x0000000000000000        0x0 /toolchain/lib/gcc/sh4aeb-elf/13.2.0/../../../../sh4aeb-elf/lib/libc.a(libc_a-fwalk.o)
 .bss           0x0000000000000000        0x0 /toolchain/lib/gcc/sh4aeb-elf/13.2.0/../../../../sh4aeb-elf/lib/libc.a(libc_a-fwalk.o)
 .text._fwalk_sglue
                0x0000000000000000       0x58 /toolchain/lib/gcc/sh4aeb-elf/13.2.0/../../../../sh4aeb-elf/lib/libc.a(libc_a-fwalk.o)
 .debug_info    0x0000000000000000      0x78b /toolchain/lib/gcc/sh4aeb-elf/13.2.0/../../../../sh4aeb-elf/lib/libc.a(libc_a-fwalk.o)
 .debug_abbrev  0x0000000000000000      0x192 /toolchain/lib/gcc/sh4aeb-elf/13.2.0/../../../../sh4aeb-elf/lib/libc.a(libc_a-fwalk.o)
 .debug_loclists
                0x0000000000000000       0xa2 /toolchain/lib/gcc/sh4aeb-elf/13.2.0/../../../../sh4aeb-elf/lib/libc.a(libc_a-fwalk.o)
 .debug_aranges
                0x0000000000000000       0x20 /toolchain/lib/gcc/sh4aeb-elf/13.2.0/../../../../sh4aeb-elf/lib/libc.a(libc_a-fwalk.o)
 .debug_rnglists
                0x0000000000000000       0x13 /toolchain/lib/gcc/sh4aeb-elf/13.2.0/../../../../sh4aeb-elf/lib/libc.a(libc_a-fwalk.o)
 .debug_line    0x0000000000000000      0x1e9 /toolchain/lib/gcc/sh4aeb-elf/13.2.0/../../../../sh4aeb-elf/lib/libc.a(libc_a-fwalk.o)
 .debug_str     0x0000000000000000      0x494 /toolchain/lib/gcc/sh4aeb-elf/13.2.0/../../../../sh4aeb-elf/lib/libc.a(libc_a-fwalk.o)
 .comment       0x0000000000000000       0x24 /toolchain/lib/gcc/sh4aeb-elf/13.2.0/../../../../sh4aeb-elf/lib/libc.a(libc_a-fwalk.o)
 .debug_frame   0x0000000000000000       0x6c /toolchain/lib/gcc/sh4aeb-elf/13.2.0/../../../../sh4aeb-elf/lib/libc.a(libc_a-fwalk.o)
 .text          0x0000000000000000        0x0 /toolchain/lib/gcc/sh4aeb-elf/13.2.0/../../../../sh4aeb-elf/lib/libc.a(libc_a-stdio.o)
 .data          0x0000000000000000        0x0 /toolchain/lib/gcc/sh4aeb-elf/13.2.0/../../../../sh4aeb-elf/lib/libc.a(libc_a-stdio.o)
 .bss           0x0000000000000000        0x0 /toolchain/lib/gcc/sh4aeb-elf/13.2.0/../../../../sh4aeb-elf/lib/libc.a(libc_a-stdio.o)
 .text.__sread  0x0000000000000000       0x34 /toolchain/lib/gcc/sh4aeb-elf/13.2.0/../../../../sh4aeb-elf/lib/libc.a(libc_a-stdio.o)
 .text.__seofread
                0x0000000000000000        0x4 /toolchain/lib/gcc/sh4aeb-elf/13.2.0/../../../../sh4aeb-elf/lib/libc.a(libc_a-stdio.o)
 .text.__swrite
                0x0000000000000000       0x4c /toolchain/lib/gcc/sh4aeb-elf/13.2.0/../../../../sh4aeb-elf/lib/libc.a(libc_a-stdio.o)
 .text.__sseek  0x0000000000000000       0x38 /toolchain/lib/gcc/sh4aeb-elf/13.2.0/../../../../sh4aeb-elf/lib/libc.a(libc_a-stdio.o)
 .text.__sclose
                0x0000000000000000        0xc /toolchain/lib/gcc/sh4aeb-elf/13.2.0/../../../../sh4aeb-elf/lib/libc.a(libc_a-stdio.o)
 .debug_info    0x0000000000000000      0xa09 /toolchain/lib/gcc/sh4aeb-elf/13.2.0/../../../../sh4aeb-elf/lib/libc.a(libc_a-stdio.o)
 .debug_abbrev  0x0000000000000000      0x22a /toolchain/lib/gcc/sh4aeb-elf/13.2.0/../../../../sh4aeb-elf/lib/libc.a(libc_a-stdio.o)
 .debug_loclists
                0x0000000000000000      0x254 /toolchain/lib/gcc/sh4aeb-elf/13.2.0/../../../../sh4aeb-elf/lib/libc.a(libc_a-stdio.o)
 .debug_aranges
                0x0000000000000000       0x40 /toolchain/lib/gcc/sh4aeb-elf/13.2.0/../../../../sh4aeb-elf/lib/libc.a(libc_a-stdio.o)
 .debug_rnglists
                0x0000000000000000       0x2b /toolchain/lib/gcc/sh4aeb-elf/13.2.0/../../../../sh4aeb-elf/lib/libc.a(libc_a-stdio.o)
 .debug_line    0x0000000000000000      0x29f /toolchain/lib/gcc/sh4aeb-elf/13.2.0/../../../../sh4aeb-elf/lib/libc.a(libc_a-stdio.o)
 .debug_str     0x0000000000000000      0x4f1 /toolchain/lib/gcc/sh4aeb-elf/13.2.0/../../../../sh4aeb-elf/lib/libc.a(libc_a-stdio.o)
 .comment       0x0000000000000000       0x24 /toolchain/lib/gcc/sh4aeb-elf/13.2.0/../../../../sh4aeb-elf/lib/libc.a(libc_a-stdio.o)
 .debug_frame   0x0000000000000000       0xb8 /toolchain/lib/gcc/sh4aeb-elf/13.2.0/../../../../sh4aeb-elf/lib/libc.a(libc_a-stdio.o)
 .text          0x0000000000000000        0x0 /toolchain/lib/gcc/sh4aeb-elf/13.2.0/../../../../sh4aeb-elf/lib/libc.a(libc_a-closer.o)
 .data          0x0000000000000000        0x0 /toolchain/lib/gcc/sh4aeb-elf/13.2.0/../../../../sh4aeb-elf/lib/libc.a(libc_a-closer.o)
 .bss           0x0000000000000000        0x0 /toolchain/lib/gcc/sh4aeb-elf/13.2.0/../../../../sh4aeb-elf/lib/libc.a(libc_a-closer.o)
 .text._close_r
                0x0000000000000000       0x30 /toolchain/lib/gcc/sh4aeb-elf/13.2.0/../../../../sh4aeb-elf/lib/libc.a(libc_a-closer.o)
 .debug_info    0x0000000000000000      0x71f /toolchain/lib/gcc/sh4aeb-elf/13.2.0/../../../../sh4aeb-elf/lib/libc.a(libc_a-closer.o)
 .debug_abbrev  0x0000000000000000      0x1aa /toolchain/lib/gcc/sh4aeb-elf/13.2.0/../../../../sh4aeb-elf/lib/libc.a(libc_a-closer.o)
 .debug_loclists
                0x0000000000000000       0x43 /toolchain/lib/gcc/sh4aeb-elf/13.2.0/../../../../sh4aeb-elf/lib/libc.a(libc_a-closer.o)
 .debug_aranges
                0x0000000000000000       0x20 /toolchain/lib/gcc/sh4aeb-elf/13.2.0/../../../../sh4aeb-elf/lib/libc.a(libc_a-closer.o)
 .debug_rnglists
                0x0000000000000000       0x13 /toolchain/lib/gcc/sh4aeb-elf/13.2.0/../../../../sh4aeb-elf/lib/libc.a(libc_a-closer.o)
 .debug_line    0x0000000000000000      0x1d3 /toolchain/lib/gcc/sh4aeb-elf/13.2.0/../../../../sh4aeb-elf/lib/libc.a(libc_a-closer.o)
 .debug_str     0x0000000000000000      0x47a /toolchain/lib/gcc/sh4aeb-elf/13.2.0/../../../../sh4aeb-elf/lib/libc.a(libc_a-closer.o)
 .comment       0x0000000000000000       0x24 /toolchain/lib/gcc/sh4aeb-elf/13.2.0/../../../../sh4aeb-elf/lib/libc.a(libc_a-closer.o)
 .debug_frame   0x0000000000000000       0x3c /toolchain/lib/gcc/sh4aeb-elf/13.2.0/../../../../sh4aeb-elf/lib/libc.a(libc_a-closer.o)
 .text          0x0000000000000000        0x0 /toolchain/lib/gcc/sh4aeb-elf/13.2.0/../../../../sh4aeb-elf/lib/libc.a(libc_a-reent.o)
 .data          0x0000000000000000        0x0 /toolchain/lib/gcc/sh4aeb-elf/13.2.0/../../../../sh4aeb-elf/lib/libc.a(libc_a-reent.o)
 .bss           0x0000000000000000        0x0 /toolchain/lib/gcc/sh4aeb-elf/13.2.0/../../../../sh4aeb-elf/lib/libc.a(libc_a-reent.o)
 .text._reclaim_reent
                0x0000000000000000      0x104 /toolchain/lib/gcc/sh4aeb-elf/13.2.0/../../../../sh4aeb-elf/lib/libc.a(libc_a-reent.o)
 .text          0x0000000000000000        0x0 /toolchain/lib/gcc/sh4aeb-elf/13.2.0/../../../../sh4aeb-elf/lib/libc.a(libc_a-impure.o)
 .data          0x0000000000000000        0x0 /toolchain/lib/gcc/sh4aeb-elf/13.2.0/../../../../sh4aeb-elf/lib/libc.a(libc_a-impure.o)
 .bss           0x0000000000000000        0x0 /toolchain/lib/gcc/sh4aeb-elf/13.2.0/../../../../sh4aeb-elf/lib/libc.a(libc_a-impure.o)
 .text          0x0000000000000000        0x0 /toolchain/lib/gcc/sh4aeb-elf/13.2.0/../../../../sh4aeb-elf/lib/libc.a(libc_a-lseekr.o)
 .data          0x0000000000000000        0x0 /toolchain/lib/gcc/sh4aeb-elf/13.2.0/../../../../sh4aeb-elf/lib/libc.a(libc_a-lseekr.o)
 .bss           0x0000000000000000        0x0 /toolchain/lib/gcc/sh4aeb-elf/13.2.0/../../../../sh4aeb-elf/lib/libc.a(libc_a-lseekr.o)
 .text._lseek_r
                0x0000000000000000       0x34 /toolchain/lib/gcc/sh4aeb-elf/13.2.0/../../../../sh4aeb-elf/lib/libc.a(libc_a-lseekr.o)
 .debug_info    0x0000000000000000      0x763 /toolchain/lib/gcc/sh4aeb-elf/13.2.0/../../../../sh4aeb-elf/lib/libc.a(libc_a-lseekr.o)
 .debug_abbrev  0x0000000000000000      0x1bb /toolchain/lib/gcc/sh4aeb-elf/13.2.0/../../../../sh4aeb-elf/lib/libc.a(libc_a-lseekr.o)
 .debug_loclists
                0x0000000000000000       0x7f /toolchain/lib/gcc/sh4aeb-elf/13.2.0/../../../../sh4aeb-elf/lib/libc.a(libc_a-lseekr.o)
 .debug_aranges
                0x0000000000000000       0x20 /toolchain/lib/gcc/sh4aeb-elf/13.2.0/../../../../sh4aeb-elf/lib/libc.a(libc_a-lseekr.o)
 .debug_rnglists
                0x0000000000000000       0x13 /toolchain/lib/gcc/sh4aeb-elf/13.2.0/../../../../sh4aeb-elf/lib/libc.a(libc_a-lseekr.o)
 .debug_line    0x0000000000000000      0x1d3 /toolchain/lib/gcc/sh4aeb-elf/13.2.0/../../../../sh4aeb-elf/lib/libc.a(libc_a-lseekr.o)
 .debug_str     0x0000000000000000      0x488 /toolchain/lib/gcc/sh4aeb-elf/13.2.0/../../../../sh4aeb-elf/lib/libc.a(libc_a-lseekr.o)
 .comment       0x0000000000000000       0x24 /toolchain/lib/gcc/sh4aeb-elf/13.2.0/../../../../sh4aeb-elf/lib/libc.a(libc_a-lseekr.o)
 .debug_frame   0x0000000000000000       0x3c /toolchain/lib/gcc/sh4aeb-elf/13.2.0/../../../../sh4aeb-elf/lib/libc.a(libc_a-lseekr.o)
 .text          0x0000000000000000        0x0 /toolchain/lib/gcc/sh4aeb-elf/13.2.0/../../../../sh4aeb-elf/lib/libc.a(libc_a-readr.o)
 .data          0x0000000000000000        0x0 /toolchain/lib/gcc/sh4aeb-elf/13.2.0/../../../../sh4aeb-elf/lib/libc.a(libc_a-readr.o)
 .bss           0x0000000000000000        0x0 /toolchain/lib/gcc/sh4aeb-elf/13.2.0/../../../../sh4aeb-elf/lib/libc.a(libc_a-readr.o)
 .text._read_r  0x0000000000000000       0x34 /toolchain/lib/gcc/sh4aeb-elf/13.2.0/../../../../sh4aeb-elf/lib/libc.a(libc_a-readr.o)
 .debug_info    0x0000000000000000      0x77a /toolchain/lib/gcc/sh4aeb-elf/13.2.0/../../../../sh4aeb-elf/lib/libc.a(libc_a-readr.o)
 .debug_abbrev  0x0000000000000000      0x1aa /toolchain/lib/gcc/sh4aeb-elf/13.2.0/../../../../sh4aeb-elf/lib/libc.a(libc_a-readr.o)
 .debug_loclists
                0x0000000000000000       0x7f /toolchain/lib/gcc/sh4aeb-elf/13.2.0/../../../../sh4aeb-elf/lib/libc.a(libc_a-readr.o)
 .debug_aranges
                0x0000000000000000       0x20 /toolchain/lib/gcc/sh4aeb-elf/13.2.0/../../../../sh4aeb-elf/lib/libc.a(libc_a-readr.o)
 .debug_rnglists
                0x0000000000000000       0x13 /toolchain/lib/gcc/sh4aeb-elf/13.2.0/../../../../sh4aeb-elf/lib/libc.a(libc_a-readr.o)
 .debug_line    0x0000000000000000      0x1d2 /toolchain/lib/gcc/sh4aeb-elf/13.2.0/../../../../sh4aeb-elf/lib/libc.a(libc_a-readr.o)
 .debug_str     0x0000000000000000      0x488 /toolchain/lib/gcc/sh4aeb-elf/13.2.0/../../../../sh4aeb-elf/lib/libc.a(libc_a-readr.o)
 .comment       0x0000000000000000       0x24 /toolchain/lib/gcc/sh4aeb-elf/13.2.0/../../../../sh4aeb-elf/lib/libc.a(libc_a-readr.o)
 .debug_frame   0x0000000000000000       0x3c /toolchain/lib/gcc/sh4aeb-elf/13.2.0/../../../../sh4aeb-elf/lib/libc.a(libc_a-readr.o)
 .text          0x0000000000000000        0x0 /toolchain/lib/gcc/sh4aeb-elf/13.2.0/../../../../sh4aeb-elf/lib/libc.a(libc_a-writer.o)
 .data          0x0000000000000000        0x0 /toolchain/lib/gcc/sh4aeb-elf/13.2.0/../../../../sh4aeb-elf/lib/libc.a(libc_a-writer.o)
 .bss           0x0000000000000000        0x0 /toolchain/lib/gcc/sh4aeb-elf/13.2.0/../../../../sh4aeb-elf/lib/libc.a(libc_a-writer.o)
 .text._write_r
                0x0000000000000000       0x34 /toolchain/lib/gcc/sh4aeb-elf/13.2.0/../../../../sh4aeb-elf/lib/libc.a(libc_a-writer.o)
 .debug_info    0x0000000000000000      0x780 /toolchain/lib/gcc/sh4aeb-elf/13.2.0/../../../../sh4aeb-elf/lib/libc.a(libc_a-writer.o)
 .debug_abbrev  0x0000000000000000      0x1af /toolchain/lib/gcc/sh4aeb-elf/13.2.0/../../../../sh4aeb-elf/lib/libc.a(libc_a-writer.o)
 .debug_loclists
                0x0000000000000000       0x7f /toolchain/lib/gcc/sh4aeb-elf/13.2.0/../../../../sh4aeb-elf/lib/libc.a(libc_a-writer.o)
 .debug_aranges
                0x0000000000000000       0x20 /toolchain/lib/gcc/sh4aeb-elf/13.2.0/../../../../sh4aeb-elf/lib/libc.a(libc_a-writer.o)
 .debug_rnglists
                0x0000000000000000       0x13 /toolchain/lib/gcc/sh4aeb-elf/13.2.0/../../../../sh4aeb-elf/lib/libc.a(libc_a-writer.o)
 .debug_line    0x0000000000000000      0x1d3 /toolchain/lib/gcc/sh4aeb-elf/13.2.0/../../../../sh4aeb-elf/lib/libc.a(libc_a-writer.o)
 .debug_str     0x0000000000000000      0x48a /toolchain/lib/gcc/sh4aeb-elf/13.2.0/../../../../sh4aeb-elf/lib/libc.a(libc_a-writer.o)
 .comment       0x0000000000000000       0x24 /toolchain/lib/gcc/sh4aeb-elf/13.2.0/../../../../sh4aeb-elf/lib/libc.a(libc_a-writer.o)
 .debug_frame   0x0000000000000000       0x3c /toolchain/lib/gcc/sh4aeb-elf/13.2.0/../../../../sh4aeb-elf/lib/libc.a(libc_a-writer.o)
 .text          0x0000000000000000        0x0 /toolchain/lib/gcc/sh4aeb-elf/13.2.0/../../../../sh4aeb-elf/lib/libc.a(libc_a-syscalls.o)
 .data          0x0000000000000000        0x0 /toolchain/lib/gcc/sh4aeb-elf/13.2.0/../../../../sh4aeb-elf/lib/libc.a(libc_a-syscalls.o)
 .bss           0x0000000000000000        0x0 /toolchain/lib/gcc/sh4aeb-elf/13.2.0/../../../../sh4aeb-elf/lib/libc.a(libc_a-syscalls.o)
 .text.statDateYear
                0x0000000000000000        0xe /toolchain/lib/gcc/sh4aeb-elf/13.2.0/../../../../sh4aeb-elf/lib/libc.a(libc_a-syscalls.o)
 .text.statDateMonth
                0x0000000000000000        0xa /toolchain/lib/gcc/sh4aeb-elf/13.2.0/../../../../sh4aeb-elf/lib/libc.a(libc_a-syscalls.o)
 .text.statDateDay
                0x0000000000000000        0x6 /toolchain/lib/gcc/sh4aeb-elf/13.2.0/../../../../sh4aeb-elf/lib/libc.a(libc_a-syscalls.o)
 .text.statTimeHour
                0x0000000000000000        0x8 /toolchain/lib/gcc/sh4aeb-elf/13.2.0/../../../../sh4aeb-elf/lib/libc.a(libc_a-syscalls.o)
 .text.statTimeMinute
                0x0000000000000000        0xa /toolchain/lib/gcc/sh4aeb-elf/13.2.0/../../../../sh4aeb-elf/lib/libc.a(libc_a-syscalls.o)
 .text.statTimeSecond
                0x0000000000000000        0x8 /toolchain/lib/gcc/sh4aeb-elf/13.2.0/../../../../sh4aeb-elf/lib/libc.a(libc_a-syscalls.o)
 .text.debug_print_char
                0x0000000000000000       0xbc /toolchain/lib/gcc/sh4aeb-elf/13.2.0/../../../../sh4aeb-elf/lib/libc.a(libc_a-syscalls.o)
 .text.debug_print_line
                0x0000000000000000       0x5c /toolchain/lib/gcc/sh4aeb-elf/13.2.0/../../../../sh4aeb-elf/lib/libc.a(libc_a-syscalls.o)
 .text.debug_print_all
                0x0000000000000000       0x78 /toolchain/lib/gcc/sh4aeb-elf/13.2.0/../../../../sh4aeb-elf/lib/libc.a(libc_a-syscalls.o)
 .text.debug_cursor_inc
                0x0000000000000000       0x60 /toolchain/lib/gcc/sh4aeb-elf/13.2.0/../../../../sh4aeb-elf/lib/libc.a(libc_a-syscalls.o)
 .text.debug_cursor_dec
                0x0000000000000000       0x54 /toolchain/lib/gcc/sh4aeb-elf/13.2.0/../../../../sh4aeb-elf/lib/libc.a(libc_a-syscalls.o)
 .text.debug_add_string
                0x0000000000000000       0x7c /toolchain/lib/gcc/sh4aeb-elf/13.2.0/../../../../sh4aeb-elf/lib/libc.a(libc_a-syscalls.o)
 .text.cas_error_to_errno
                0x0000000000000000       0x38 /toolchain/lib/gcc/sh4aeb-elf/13.2.0/../../../../sh4aeb-elf/lib/libc.a(libc_a-syscalls.o)
 .text.flags_to_cas_flags
                0x0000000000000000        0x8 /toolchain/lib/gcc/sh4aeb-elf/13.2.0/../../../../sh4aeb-elf/lib/libc.a(libc_a-syscalls.o)
 .text.cas_stat_to_stat
                0x0000000000000000       0x24 /toolchain/lib/gcc/sh4aeb-elf/13.2.0/../../../../sh4aeb-elf/lib/libc.a(libc_a-syscalls.o)
 .text.mkdir    0x0000000000000000       0x18 /toolchain/lib/gcc/sh4aeb-elf/13.2.0/../../../../sh4aeb-elf/lib/libc.a(libc_a-syscalls.o)
 .text._read    0x0000000000000000       0x28 /toolchain/lib/gcc/sh4aeb-elf/13.2.0/../../../../sh4aeb-elf/lib/libc.a(libc_a-syscalls.o)
 .text._lseek   0x0000000000000000       0x18 /toolchain/lib/gcc/sh4aeb-elf/13.2.0/../../../../sh4aeb-elf/lib/libc.a(libc_a-syscalls.o)
 .text._write   0x0000000000000000       0x54 /toolchain/lib/gcc/sh4aeb-elf/13.2.0/../../../../sh4aeb-elf/lib/libc.a(libc_a-syscalls.o)
 .text._open    0x0000000000000000       0x24 /toolchain/lib/gcc/sh4aeb-elf/13.2.0/../../../../sh4aeb-elf/lib/libc.a(libc_a-syscalls.o)
 .text._close   0x0000000000000000       0x28 /toolchain/lib/gcc/sh4aeb-elf/13.2.0/../../../../sh4aeb-elf/lib/libc.a(libc_a-syscalls.o)
 .text.access   0x0000000000000000       0x24 /toolchain/lib/gcc/sh4aeb-elf/13.2.0/../../../../sh4aeb-elf/lib/libc.a(libc_a-syscalls.o)
 .text._creat   0x0000000000000000       0x1c /toolchain/lib/gcc/sh4aeb-elf/13.2.0/../../../../sh4aeb-elf/lib/libc.a(libc_a-syscalls.o)
 .text._isatty  0x0000000000000000        0x4 /toolchain/lib/gcc/sh4aeb-elf/13.2.0/../../../../sh4aeb-elf/lib/libc.a(libc_a-syscalls.o)
 .text._fstat   0x0000000000000000       0x44 /toolchain/lib/gcc/sh4aeb-elf/13.2.0/../../../../sh4aeb-elf/lib/libc.a(libc_a-syscalls.o)
 .text._stat    0x0000000000000000       0x44 /toolchain/lib/gcc/sh4aeb-elf/13.2.0/../../../../sh4aeb-elf/lib/libc.a(libc_a-syscalls.o)
 .text._link    0x0000000000000000       0x18 /toolchain/lib/gcc/sh4aeb-elf/13.2.0/../../../../sh4aeb-elf/lib/libc.a(libc_a-syscalls.o)
 .text._unlink  0x0000000000000000       0x18 /toolchain/lib/gcc/sh4aeb-elf/13.2.0/../../../../sh4aeb-elf/lib/libc.a(libc_a-syscalls.o)
 .text._sbrk    0x0000000000000000       0x18 /toolchain/lib/gcc/sh4aeb-elf/13.2.0/../../../../sh4aeb-elf/lib/libc.a(libc_a-syscalls.o)
 .text._raise   0x0000000000000000        0x4 /toolchain/lib/gcc/sh4aeb-elf/13.2.0/../../../../sh4aeb-elf/lib/libc.a(libc_a-syscalls.o)
 .text._chmod   0x0000000000000000       0x18 /toolchain/lib/gcc/sh4aeb-elf/13.2.0/../../../../sh4aeb-elf/lib/libc.a(libc_a-syscalls.o)
 .text._chown   0x0000000000000000       0x18 /toolchain/lib/gcc/sh4aeb-elf/13.2.0/../../../../sh4aeb-elf/lib/libc.a(libc_a-syscalls.o)
 .text._utime   0x0000000000000000       0x18 /toolchain/lib/gcc/sh4aeb-elf/13.2.0/../../../../sh4aeb-elf/lib/libc.a(libc_a-syscalls.o)
 .text._fork    0x0000000000000000        0xc /toolchain/lib/gcc/sh4aeb-elf/13.2.0/../../../../sh4aeb-elf/lib/libc.a(libc_a-syscalls.o)
 .text._wait    0x0000000000000000       0x18 /toolchain/lib/gcc/sh4aeb-elf/13.2.0/../../../../sh4aeb-elf/lib/libc.a(libc_a-syscalls.o)
 .text._execve  0x0000000000000000       0x18 /toolchain/lib/gcc/sh4aeb-elf/13.2.0/../../../../sh4aeb-elf/lib/libc.a(libc_a-syscalls.o)
 .text._execv   0x0000000000000000       0x18 /toolchain/lib/gcc/sh4aeb-elf/13.2.0/../../../../sh4aeb-elf/lib/libc.a(libc_a-syscalls.o)
 .text._pipe    0x0000000000000000       0x18 /toolchain/lib/gcc/sh4aeb-elf/13.2.0/../../../../sh4aeb-elf/lib/libc.a(libc_a-syscalls.o)
 .text._times   0x0000000000000000       0x18 /toolchain/lib/gcc/sh4aeb-elf/13.2.0/../../../../sh4aeb-elf/lib/libc.a(libc_a-syscalls.o)
 .text._gettimeofday
                0x0000000000000000       0x54 /toolchain/lib/gcc/sh4aeb-elf/13.2.0/../../../../sh4aeb-elf/lib/libc.a(libc_a-syscalls.o)
 .text.usleep   0x0000000000000000       0x38 /toolchain/lib/gcc/sh4aeb-elf/13.2.0/../../../../sh4aeb-elf/lib/libc.a(libc_a-syscalls.o)
 .rodata.CSWTCH.52
                0x0000000000000000       0x28 /toolchain/lib/gcc/sh4aeb-elf/13.2.0/../../../../sh4aeb-elf/lib/libc.a(libc_a-syscalls.o)
 .bss.debug_lines
                0x0000000000000000      0x5c8 /toolchain/lib/gcc/sh4aeb-elf/13.2.0/../../../../sh4aeb-elf/lib/libc.a(libc_a-syscalls.o)
 .text          0x0000000000000000        0x0 /toolchain/lib/gcc/sh4aeb-elf/13.2.0/../../../../sh4aeb-elf/lib/libc.a(libc_a-cas_file.o)
 .data          0x0000000000000000        0x0 /toolchain/lib/gcc/sh4aeb-elf/13.2.0/../../../../sh4aeb-elf/lib/libc.a(libc_a-cas_file.o)
 .bss           0x0000000000000000        0x0 /toolchain/lib/gcc/sh4aeb-elf/13.2.0/../../../../sh4aeb-elf/lib/libc.a(libc_a-cas_file.o)
 .text          0x0000000000000000       0x40 /toolchain/lib/gcc/sh4aeb-elf/13.2.0/../../../../sh4aeb-elf/lib/libc.a(libc_a-memset.o)
 .data          0x0000000000000000        0x0 /toolchain/lib/gcc/sh4aeb-elf/13.2.0/../../../../sh4aeb-elf/lib/libc.a(libc_a-memset.o)
 .bss           0x0000000000000000        0x0 /toolchain/lib/gcc/sh4aeb-elf/13.2.0/../../../../sh4aeb-elf/lib/libc.a(libc_a-memset.o)
 .text          0x0000000000000000        0x0 /toolchain/lib/gcc/sh4aeb-elf/13.2.0/../../../../sh4aeb-elf/lib/libc.a(libc_a-malloc_r.o)
 .data          0x0000000000000000        0x0 /toolchain/lib/gcc/sh4aeb-elf/13.2.0/../../../../sh4aeb-elf/lib/libc.a(libc_a-malloc_r.o)
 .bss           0x0000000000000000        0x0 /toolchain/lib/gcc/sh4aeb-elf/13.2.0/../../../../sh4aeb-elf/lib/libc.a(libc_a-malloc_r.o)
 .text._malloc_r
                0x0000000000000000        0xc /toolchain/lib/gcc/sh4aeb-elf/13.2.0/../../../../sh4aeb-elf/lib/libc.a(libc_a-malloc_r.o)
 .text._free_r  0x0000000000000000        0xc /toolchain/lib/gcc/sh4aeb-elf/13.2.0/../../../../sh4aeb-elf/lib/libc.a(libc_a-malloc_r.o)
 .text._calloc_r
                0x0000000000000000       0x24 /toolchain/lib/gcc/sh4aeb-elf/13.2.0/../../../../sh4aeb-elf/lib/libc.a(libc_a-malloc_r.o)
 .text.calloc   0x0000000000000000       0x14 /toolchain/lib/gcc/sh4aeb-elf/13.2.0/../../../../sh4aeb-elf/lib/libc.a(libc_a-malloc_r.o)
 .text._realloc_r
                0x0000000000000000       0x4c /toolchain/lib/gcc/sh4aeb-elf/13.2.0/../../../../sh4aeb-elf/lib/libc.a(libc_a-malloc_r.o)
 .text.realloc  0x0000000000000000       0x14 /toolchain/lib/gcc/sh4aeb-elf/13.2.0/../../../../sh4aeb-elf/lib/libc.a(libc_a-malloc_r.o)
 .debug_info    0x0000000000000000      0xa04 /toolchain/lib/gcc/sh4aeb-elf/13.2.0/../../../../sh4aeb-elf/lib/libc.a(libc_a-malloc_r.o)
 .debug_abbrev  0x0000000000000000      0x27a /toolchain/lib/gcc/sh4aeb-elf/13.2.0/../../../../sh4aeb-elf/lib/libc.a(libc_a-malloc_r.o)
 .debug_loclists
                0x0000000000000000      0x1f7 /toolchain/lib/gcc/sh4aeb-elf/13.2.0/../../../../sh4aeb-elf/lib/libc.a(libc_a-malloc_r.o)
 .debug_aranges
                0x0000000000000000       0x48 /toolchain/lib/gcc/sh4aeb-elf/13.2.0/../../../../sh4aeb-elf/lib/libc.a(libc_a-malloc_r.o)
 .debug_rnglists
                0x0000000000000000       0x3d /toolchain/lib/gcc/sh4aeb-elf/13.2.0/../../../../sh4aeb-elf/lib/libc.a(libc_a-malloc_r.o)
 .debug_line    0x0000000000000000      0x272 /toolchain/lib/gcc/sh4aeb-elf/13.2.0/../../../../sh4aeb-elf/lib/libc.a(libc_a-malloc_r.o)
 .debug_str     0x0000000000000000      0x4f0 /toolchain/lib/gcc/sh4aeb-elf/13.2.0/../../../../sh4aeb-elf/lib/libc.a(libc_a-malloc_r.o)
 .comment       0x0000000000000000       0x24 /toolchain/lib/gcc/sh4aeb-elf/13.2.0/../../../../sh4aeb-elf/lib/libc.a(libc_a-malloc_r.o)
 .debug_frame   0x0000000000000000       0xa8 /toolchain/lib/gcc/sh4aeb-elf/13.2.0/../../../../sh4aeb-elf/lib/libc.a(libc_a-malloc_r.o)
 .text          0x0000000000000000        0x0 /toolchain/lib/gcc/sh4aeb-elf/13.2.0/../../../../sh4aeb-elf/lib/libc.a(libc_a-__atexit.o)
 .data          0x0000000000000000        0x0 /toolchain/lib/gcc/sh4aeb-elf/13.2.0/../../../../sh4aeb-elf/lib/libc.a(libc_a-__atexit.o)
 .bss           0x0000000000000000        0x0 /toolchain/lib/gcc/sh4aeb-elf/13.2.0/../../../../sh4aeb-elf/lib/libc.a(libc_a-__atexit.o)
 .text.__register_exitproc
                0x0000000000000000       0xe0 /toolchain/lib/gcc/sh4aeb-elf/13.2.0/../../../../sh4aeb-elf/lib/libc.a(libc_a-__atexit.o)
 .bss.__atexit0
                0x0000000000000000       0x8c /toolchain/lib/gcc/sh4aeb-elf/13.2.0/../../../../sh4aeb-elf/lib/libc.a(libc_a-__atexit.o)
 .debug_info    0x0000000000000000      0x251 /toolchain/lib/gcc/sh4aeb-elf/13.2.0/../../../../sh4aeb-elf/lib/libc.a(libc_a-__atexit.o)
 .debug_abbrev  0x0000000000000000      0x1a6 /toolchain/lib/gcc/sh4aeb-elf/13.2.0/../../../../sh4aeb-elf/lib/libc.a(libc_a-__atexit.o)
 .debug_loclists
                0x0000000000000000       0xf5 /toolchain/lib/gcc/sh4aeb-elf/13.2.0/../../../../sh4aeb-elf/lib/libc.a(libc_a-__atexit.o)
 .debug_aranges
                0x0000000000000000       0x20 /toolchain/lib/gcc/sh4aeb-elf/13.2.0/../../../../sh4aeb-elf/lib/libc.a(libc_a-__atexit.o)
 .debug_rnglists
                0x0000000000000000       0x14 /toolchain/lib/gcc/sh4aeb-elf/13.2.0/../../../../sh4aeb-elf/lib/libc.a(libc_a-__atexit.o)
 .debug_line    0x0000000000000000      0x29a /toolchain/lib/gcc/sh4aeb-elf/13.2.0/../../../../sh4aeb-elf/lib/libc.a(libc_a-__atexit.o)
 .debug_str     0x0000000000000000      0x259 /toolchain/lib/gcc/sh4aeb-elf/13.2.0/../../../../sh4aeb-elf/lib/libc.a(libc_a-__atexit.o)
 .comment       0x0000000000000000       0x24 /toolchain/lib/gcc/sh4aeb-elf/13.2.0/../../../../sh4aeb-elf/lib/libc.a(libc_a-__atexit.o)
 .debug_frame   0x0000000000000000       0x64 /toolchain/lib/gcc/sh4aeb-elf/13.2.0/../../../../sh4aeb-elf/lib/libc.a(libc_a-__atexit.o)
 .text          0x0000000000000000        0x0 /toolchain/lib/gcc/sh4aeb-elf/13.2.0/../../../../sh4aeb-elf/lib/libc.a(libc_a-__call_atexit.o)
 .data          0x0000000000000000        0x0 /toolchain/lib/gcc/sh4aeb-elf/13.2.0/../../../../sh4aeb-elf/lib/libc.a(libc_a-__call_atexit.o)
 .bss           0x0000000000000000        0x0 /toolchain/lib/gcc/sh4aeb-elf/13.2.0/../../../../sh4aeb-elf/lib/libc.a(libc_a-__call_atexit.o)
 .text.startup.register_fini
                0x0000000000000000       0x20 /toolchain/lib/gcc/sh4aeb-elf/13.2.0/../../../../sh4aeb-elf/lib/libc.a(libc_a-__call_atexit.o)
 .ctors.65535   0x0000000000000000        0x4 /toolchain/lib/gcc/sh4aeb-elf/13.2.0/../../../../sh4aeb-elf/lib/libc.a(libc_a-__call_atexit.o)
 .text          0x0000000000000000        0x0 /toolchain/lib/gcc/sh4aeb-elf/13.2.0/../../../../sh4aeb-elf/lib/libc.a(libc_a-fclose.o)
 .data          0x0000000000000000        0x0 /toolchain/lib/gcc/sh4aeb-elf/13.2.0/../../../../sh4aeb-elf/lib/libc.a(libc_a-fclose.o)
 .bss           0x0000000000000000        0x0 /toolchain/lib/gcc/sh4aeb-elf/13.2.0/../../../../sh4aeb-elf/lib/libc.a(libc_a-fclose.o)
 .text._fclose_r
                0x0000000000000000       0xa4 /toolchain/lib/gcc/sh4aeb-elf/13.2.0/../../../../sh4aeb-elf/lib/libc.a(libc_a-fclose.o)
 .text.fclose   0x0000000000000000       0x14 /toolchain/lib/gcc/sh4aeb-elf/13.2.0/../../../../sh4aeb-elf/lib/libc.a(libc_a-fclose.o)
 .debug_info    0x0000000000000000      0x86b /toolchain/lib/gcc/sh4aeb-elf/13.2.0/../../../../sh4aeb-elf/lib/libc.a(libc_a-fclose.o)
 .debug_abbrev  0x0000000000000000      0x282 /toolchain/lib/gcc/sh4aeb-elf/13.2.0/../../../../sh4aeb-elf/lib/libc.a(libc_a-fclose.o)
 .debug_loclists
                0x0000000000000000       0xaf /toolchain/lib/gcc/sh4aeb-elf/13.2.0/../../../../sh4aeb-elf/lib/libc.a(libc_a-fclose.o)
 .debug_aranges
                0x0000000000000000       0x28 /toolchain/lib/gcc/sh4aeb-elf/13.2.0/../../../../sh4aeb-elf/lib/libc.a(libc_a-fclose.o)
 .debug_rnglists
                0x0000000000000000       0x1a /toolchain/lib/gcc/sh4aeb-elf/13.2.0/../../../../sh4aeb-elf/lib/libc.a(libc_a-fclose.o)
 .debug_line    0x0000000000000000      0x27b /toolchain/lib/gcc/sh4aeb-elf/13.2.0/../../../../sh4aeb-elf/lib/libc.a(libc_a-fclose.o)
 .debug_str     0x0000000000000000      0x4bd /toolchain/lib/gcc/sh4aeb-elf/13.2.0/../../../../sh4aeb-elf/lib/libc.a(libc_a-fclose.o)
 .comment       0x0000000000000000       0x24 /toolchain/lib/gcc/sh4aeb-elf/13.2.0/../../../../sh4aeb-elf/lib/libc.a(libc_a-fclose.o)
 .debug_frame   0x0000000000000000       0x60 /toolchain/lib/gcc/sh4aeb-elf/13.2.0/../../../../sh4aeb-elf/lib/libc.a(libc_a-fclose.o)
 .text          0x0000000000000000        0x0 /toolchain/lib/gcc/sh4aeb-elf/13.2.0/../../../../sh4aeb-elf/lib/libc.a(libc_a-fflush.o)
 .data          0x0000000000000000        0x0 /toolchain/lib/gcc/sh4aeb-elf/13.2.0/../../../../sh4aeb-elf/lib/libc.a(libc_a-fflush.o)
 .bss           0x0000000000000000        0x0 /toolchain/lib/gcc/sh4aeb-elf/13.2.0/../../../../sh4aeb-elf/lib/libc.a(libc_a-fflush.o)
 .text.__sflush_r
                0x0000000000000000      0x144 /toolchain/lib/gcc/sh4aeb-elf/13.2.0/../../../../sh4aeb-elf/lib/libc.a(libc_a-fflush.o)
 .text._fflush_r
                0x0000000000000000       0x48 /toolchain/lib/gcc/sh4aeb-elf/13.2.0/../../../../sh4aeb-elf/lib/libc.a(libc_a-fflush.o)
 .text.fflush   0x0000000000000000       0x30 /toolchain/lib/gcc/sh4aeb-elf/13.2.0/../../../../sh4aeb-elf/lib/libc.a(libc_a-fflush.o)
 .debug_info    0x0000000000000000      0x95b /toolchain/lib/gcc/sh4aeb-elf/13.2.0/../../../../sh4aeb-elf/lib/libc.a(libc_a-fflush.o)
 .debug_abbrev  0x0000000000000000      0x2a8 /toolchain/lib/gcc/sh4aeb-elf/13.2.0/../../../../sh4aeb-elf/lib/libc.a(libc_a-fflush.o)
 .debug_loclists
                0x0000000000000000      0x1e0 /toolchain/lib/gcc/sh4aeb-elf/13.2.0/../../../../sh4aeb-elf/lib/libc.a(libc_a-fflush.o)
 .debug_aranges
                0x0000000000000000       0x30 /toolchain/lib/gcc/sh4aeb-elf/13.2.0/../../../../sh4aeb-elf/lib/libc.a(libc_a-fflush.o)
 .debug_rnglists
                0x0000000000000000       0x40 /toolchain/lib/gcc/sh4aeb-elf/13.2.0/../../../../sh4aeb-elf/lib/libc.a(libc_a-fflush.o)
 .debug_line    0x0000000000000000      0x3c2 /toolchain/lib/gcc/sh4aeb-elf/13.2.0/../../../../sh4aeb-elf/lib/libc.a(libc_a-fflush.o)
 .debug_str     0x0000000000000000      0x50b /toolchain/lib/gcc/sh4aeb-elf/13.2.0/../../../../sh4aeb-elf/lib/libc.a(libc_a-fflush.o)
 .comment       0x0000000000000000       0x24 /toolchain/lib/gcc/sh4aeb-elf/13.2.0/../../../../sh4aeb-elf/lib/libc.a(libc_a-fflush.o)
 .debug_frame   0x0000000000000000       0x9c /toolchain/lib/gcc/sh4aeb-elf/13.2.0/../../../../sh4aeb-elf/lib/libc.a(libc_a-fflush.o)
 .text          0x0000000000000000        0x0 /toolchain/lib/gcc/sh4aeb-elf/13.2.0/../../../../sh4aeb-elf/lib/libc.a(libc_a-errno.o)
 .data          0x0000000000000000        0x0 /toolchain/lib/gcc/sh4aeb-elf/13.2.0/../../../../sh4aeb-elf/lib/libc.a(libc_a-errno.o)
 .bss           0x0000000000000000        0x0 /toolchain/lib/gcc/sh4aeb-elf/13.2.0/../../../../sh4aeb-elf/lib/libc.a(libc_a-errno.o)
 .text          0x0000000000000000        0x0 /toolchain/lib/gcc/sh4aeb-elf/13.2.0/../../../../sh4aeb-elf/lib/libc.a(libc_a-fini.o)
 .data          0x0000000000000000        0x0 /toolchain/lib/gcc/sh4aeb-elf/13.2.0/../../../../sh4aeb-elf/lib/libc.a(libc_a-fini.o)
 .bss           0x0000000000000000        0x0 /toolchain/lib/gcc/sh4aeb-elf/13.2.0/../../../../sh4aeb-elf/lib/libc.a(libc_a-fini.o)
 .text.__libc_fini_array
                0x0000000000000000       0x38 /toolchain/lib/gcc/sh4aeb-elf/13.2.0/../../../../sh4aeb-elf/lib/libc.a(libc_a-fini.o)
 .debug_info    0x0000000000000000       0xeb /toolchain/lib/gcc/sh4aeb-elf/13.2.0/../../../../sh4aeb-elf/lib/libc.a(libc_a-fini.o)
 .debug_abbrev  0x0000000000000000       0xc4 /toolchain/lib/gcc/sh4aeb-elf/13.2.0/../../../../sh4aeb-elf/lib/libc.a(libc_a-fini.o)
 .debug_loclists
                0x0000000000000000       0x28 /toolchain/lib/gcc/sh4aeb-elf/13.2.0/../../../../sh4aeb-elf/lib/libc.a(libc_a-fini.o)
 .debug_aranges
                0x0000000000000000       0x20 /toolchain/lib/gcc/sh4aeb-elf/13.2.0/../../../../sh4aeb-elf/lib/libc.a(libc_a-fini.o)
 .debug_rnglists
                0x0000000000000000       0x13 /toolchain/lib/gcc/sh4aeb-elf/13.2.0/../../../../sh4aeb-elf/lib/libc.a(libc_a-fini.o)
 .debug_line    0x0000000000000000      0x118 /toolchain/lib/gcc/sh4aeb-elf/13.2.0/../../../../sh4aeb-elf/lib/libc.a(libc_a-fini.o)
 .debug_str     0x0000000000000000      0x1b9 /toolchain/lib/gcc/sh4aeb-elf/13.2.0/../../../../sh4aeb-elf/lib/libc.a(libc_a-fini.o)
 .comment       0x0000000000000000       0x24 /toolchain/lib/gcc/sh4aeb-elf/13.2.0/../../../../sh4aeb-elf/lib/libc.a(libc_a-fini.o)
 .debug_frame   0x0000000000000000       0x40 /toolchain/lib/gcc/sh4aeb-elf/13.2.0/../../../../sh4aeb-elf/lib/libc.a(libc_a-fini.o)
 .text          0x0000000000000000       0x94 /toolchain/lib/gcc/sh4aeb-elf/13.2.0/../../../../sh4aeb-elf/lib/libc.a(libc_a-memcpy.o)
 .data          0x0000000000000000        0x0 /toolchain/lib/gcc/sh4aeb-elf/13.2.0/../../../../sh4aeb-elf/lib/libc.a(libc_a-memcpy.o)
 .bss           0x0000000000000000        0x0 /toolchain/lib/gcc/sh4aeb-elf/13.2.0/../../../../sh4aeb-elf/lib/libc.a(libc_a-memcpy.o)
 .text          0x0000000000000000        0x0 /toolchain/lib/gcc/sh4aeb-elf/13.2.0/../../../../sh4aeb-elf/lib/libc.a(libc_a-malloc.o)
 .data          0x0000000000000000        0x0 /toolchain/lib/gcc/sh4aeb-elf/13.2.0/../../../../sh4aeb-elf/lib/libc.a(libc_a-malloc.o)
 .bss           0x0000000000000000        0x0 /toolchain/lib/gcc/sh4aeb-elf/13.2.0/../../../../sh4aeb-elf/lib/libc.a(libc_a-malloc.o)
 .text          0x0000000000000000        0x0 /toolchain/lib/gcc/sh4aeb-elf/13.2.0/../../../../sh4aeb-elf/lib/libc.a(libc_a-abort.o)
 .data          0x0000000000000000        0x0 /toolchain/lib/gcc/sh4aeb-elf/13.2.0/../../../../sh4aeb-elf/lib/libc.a(libc_a-abort.o)
 .bss           0x0000000000000000        0x0 /toolchain/lib/gcc/sh4aeb-elf/13.2.0/../../../../sh4aeb-elf/lib/libc.a(libc_a-abort.o)
 .text          0x0000000000000000        0x0 /toolchain/lib/gcc/sh4aeb-elf/13.2.0/../../../../sh4aeb-elf/lib/libc.a(libc_a-signal.o)
 .data          0x0000000000000000        0x0 /toolchain/lib/gcc/sh4aeb-elf/13.2.0/../../../../sh4aeb-elf/lib/libc.a(libc_a-signal.o)
 .bss           0x0000000000000000        0x0 /toolchain/lib/gcc/sh4aeb-elf/13.2.0/../../../../sh4aeb-elf/lib/libc.a(libc_a-signal.o)
 .text._init_signal_r
                0x0000000000000000       0x38 /toolchain/lib/gcc/sh4aeb-elf/13.2.0/../../../../sh4aeb-elf/lib/libc.a(libc_a-signal.o)
 .text._signal_r
                0x0000000000000000       0x48 /toolchain/lib/gcc/sh4aeb-elf/13.2.0/../../../../sh4aeb-elf/lib/libc.a(libc_a-signal.o)
 .text.__sigtramp_r
                0x0000000000000000       0x5c /toolchain/lib/gcc/sh4aeb-elf/13.2.0/../../../../sh4aeb-elf/lib/libc.a(libc_a-signal.o)
 .text.signal   0x0000000000000000       0x14 /toolchain/lib/gcc/sh4aeb-elf/13.2.0/../../../../sh4aeb-elf/lib/libc.a(libc_a-signal.o)
 .text._init_signal
                0x0000000000000000       0x10 /toolchain/lib/gcc/sh4aeb-elf/13.2.0/../../../../sh4aeb-elf/lib/libc.a(libc_a-signal.o)
 .text.__sigtramp
                0x0000000000000000       0x14 /toolchain/lib/gcc/sh4aeb-elf/13.2.0/../../../../sh4aeb-elf/lib/libc.a(libc_a-signal.o)
 .text          0x0000000000000000        0x0 /toolchain/lib/gcc/sh4aeb-elf/13.2.0/../../../../sh4aeb-elf/lib/libc.a(libc_a-signalr.o)
 .data          0x0000000000000000        0x0 /toolchain/lib/gcc/sh4aeb-elf/13.2.0/../../../../sh4aeb-elf/lib/libc.a(libc_a-signalr.o)
 .bss           0x0000000000000000        0x0 /toolchain/lib/gcc/sh4aeb-elf/13.2.0/../../../../sh4aeb-elf/lib/libc.a(libc_a-signalr.o)
 .text          0x0000000000000000       0x20 /toolchain/lib/gcc/sh4aeb-elf/13.2.0/crtend.o
 .data          0x0000000000000000        0x0 /toolchain/lib/gcc/sh4aeb-elf/13.2.0/crtend.o
 .bss           0x0000000000000000        0x0 /toolchain/lib/gcc/sh4aeb-elf/13.2.0/crtend.o
 .ctors         0x0000000000000000        0x4 /toolchain/lib/gcc/sh4aeb-elf/13.2.0/crtend.o
 .dtors         0x0000000000000000        0x4 /toolchain/lib/gcc/sh4aeb-elf/13.2.0/crtend.o
 .eh_frame      0x0000000000000000        0x4 /toolchain/lib/gcc/sh4aeb-elf/13.2.0/crtend.o
 .tm_clone_table
                0x0000000000000000        0x0 /toolchain/lib/gcc/sh4aeb-elf/13.2.0/crtend.o
 .init          0x0000000000000000        0xc /toolchain/lib/gcc/sh4aeb-elf/13.2.0/crtend.o
 .comment       0x0000000000000000       0x24 /toolchain/lib/gcc/sh4aeb-elf/13.2.0/crtend.o
 .text          0x0000000000000000        0x0 /toolchain/lib/gcc/sh4aeb-elf/13.2.0/crtn.o
 .data          0x0000000000000000        0x0 /toolchain/lib/gcc/sh4aeb-elf/13.2.0/crtn.o
 .bss           0x0000000000000000        0x0 /toolchain/lib/gcc/sh4aeb-elf/13.2.0/crtn.o
 .init          0x0000000000000000        0xa /toolchain/lib/gcc/sh4aeb-elf/13.2.0/crtn.o
 .fini          0x0000000000000000        0xa /toolchain/lib/gcc/sh4aeb-elf/13.2.0/crtn.o

Memory Configuration

Name             Origin             Length             Attributes
*default*        0x0000000000000000 0xffffffffffffffff

Linker script and memory map

LOAD /toolchain/lib/gcc/sh4aeb-elf/13.2.0/../../../../sh4aeb-elf/lib/crt0.o
LOAD /toolchain/lib/gcc/sh4aeb-elf/13.2.0/crt1.o
LOAD /toolchain/lib/gcc/sh4aeb-elf/13.2.0/crti.o
LOAD /toolchain/lib/gcc/sh4aeb-elf/13.2.0/crtbegin.o
LOAD obj/src/main.o
LOAD /home/dev/tmp//cc5FoOmr.ltrans0.ltrans.o
LOAD /sdk/libsdk.a
LOAD /toolchain/lib/gcc/sh4aeb-elf/13.2.0/../../../../sh4aeb-elf/lib/libstdc++.a
LOAD /toolchain/lib/gcc/sh4aeb-elf/13.2.0/../../../../sh4aeb-elf/lib/libm.a
LOAD /toolchain/lib/gcc/sh4aeb-elf/13.2.0/libgcc.a
LOAD /toolchain/lib/gcc/sh4aeb-elf/13.2.0/libgcc-Os-4-200.a
LOAD /toolchain/lib/gcc/sh4aeb-elf/13.2.0/../../../../sh4aeb-elf/lib/libc.a
LOAD /toolchain/lib/gcc/sh4aeb-elf/13.2.0/libgcc.a
LOAD /toolchain/lib/gcc/sh4aeb-elf/13.2.0/libgcc-Os-4-200.a
LOAD /toolchain/lib/gcc/sh4aeb-elf/13.2.0/crtend.o
LOAD /toolchain/lib/gcc/sh4aeb-elf/13.2.0/crtn.o
                0x000000008cfe6000                start_address = 0x8cfe6000
                0x000000008cfe6000                . = start_address

.bootstrap.start
                0x000000008cfe6000       0x10
 *(.bootstrap.start*)
 .bootstrap.start
                0x000000008cfe6000       0x10 /toolchain/lib/gcc/sh4aeb-elf/13.2.0/../../../../sh4aeb-elf/lib/crt0.o
                0x000000008cfe6000                _start
                0x000000008cfe6010                info_address = 0x8cfe6010
                0x000000008cfe6010                . = info_address

.hollyhock_name
                0x000000008cfe6010       0x21
 *(.hollyhock_name)
 .hollyhock_name
                0x000000008cfe6010       0x21 /home/dev/tmp//cc5FoOmr.ltrans0.ltrans.o

.hollyhock_description
                0x000000008cfe6034       0x6b
 *(.hollyhock_description)
 .hollyhock_description
                0x000000008cfe6034       0x6b /home/dev/tmp//cc5FoOmr.ltrans0.ltrans.o

.hollyhock_author
                0x000000008cfe60a0        0xf
 *(.hollyhock_author)
 .hollyhock_author
                0x000000008cfe60a0        0xf /home/dev/tmp//cc5FoOmr.ltrans0.ltrans.o

.hollyhock_version
                0x000000008cfe60b0        0x6
 *(.hollyhock_version)
 .hollyhock_version
                0x000000008cfe60b0        0x6 /home/dev/tmp//cc5FoOmr.ltrans0.ltrans.o

.bootstrap      0x000000008cfe60c0       0xe4
 *(.bootstrap.text*)
 .bootstrap.text
                0x000000008cfe60c0       0x70 /toolchain/lib/gcc/sh4aeb-elf/13.2.0/../../../../sh4aeb-elf/lib/crt0.o
                0x000000008cfe60f4                __exit_address
 .bootstrap.text
                0x000000008cfe6130       0x68 /toolchain/lib/gcc/sh4aeb-elf/13.2.0/../../../../sh4aeb-elf/lib/libc.a(libc_a-syscalls.o)
                0x000000008cfe6130                _cas_setup
 *(.bootstrap.data*)
 .bootstrap.data
                0x000000008cfe6198        0xc /toolchain/lib/gcc/sh4aeb-elf/13.2.0/../../../../sh4aeb-elf/lib/libc.a(libc_a-syscalls.o)
                0x000000008cfe6198                _used_rows
                0x000000008cfe619c                _print_row
                0x000000008cfe619d                _print_col
                0x000000008cfe61a0                _counter_underflows

.text           0x000000008cfe61a4      0xde3
 *(.text*)
 .text          0x000000008cfe61a4      0x39c /home/dev/tmp//cc5FoOmr.ltrans0.ltrans.o
 .text.startup  0x000000008cfe6540      0x4b0 /home/dev/tmp//cc5FoOmr.ltrans0.ltrans.o
                0x000000008cfe6540                _main
 .text          0x000000008cfe69f0       0x34 /sdk/libsdk.a(getKey.o)
                0x000000008cfe69f0                _getKey
 .text._Z10fillScreent
                0x000000008cfe6a24       0x34 /sdk/libsdk.a(calc.o)
                0x000000008cfe6a24                __Z10fillScreent
 .text          0x000000008cfe6a58       0x30 /toolchain/lib/gcc/sh4aeb-elf/13.2.0/libgcc.a(_fixdfdi.o)
                0x000000008cfe6a58                ___fixdfdi
 .text          0x000000008cfe6a88       0x7c /toolchain/lib/gcc/sh4aeb-elf/13.2.0/libgcc.a(_fixunsdfdi.o)
                0x000000008cfe6a88                ___fixunsdfdi
 .text          0x000000008cfe6b04       0x24 /toolchain/lib/gcc/sh4aeb-elf/13.2.0/libgcc.a(_floatdidf.o)
                0x000000008cfe6b04                ___floatdidf
 .text.exit     0x000000008cfe6b28       0x2c /toolchain/lib/gcc/sh4aeb-elf/13.2.0/../../../../sh4aeb-elf/lib/libc.a(libc_a-exit.o)
                0x000000008cfe6b28                _exit
 .text.cas_cleanup
                0x000000008cfe6b54       0x20 /toolchain/lib/gcc/sh4aeb-elf/13.2.0/../../../../sh4aeb-elf/lib/libc.a(libc_a-syscalls.o)
                0x000000008cfe6b54                _cas_cleanup
 .text._exit    0x000000008cfe6b74        0xc /toolchain/lib/gcc/sh4aeb-elf/13.2.0/../../../../sh4aeb-elf/lib/libc.a(libc_a-syscalls.o)
                0x000000008cfe6b74                __exit
 .text._kill    0x000000008cfe6b80       0x18 /toolchain/lib/gcc/sh4aeb-elf/13.2.0/../../../../sh4aeb-elf/lib/libc.a(libc_a-syscalls.o)
                0x000000008cfe6b80                __kill
 .text._getpid  0x000000008cfe6b98        0x4 /toolchain/lib/gcc/sh4aeb-elf/13.2.0/../../../../sh4aeb-elf/lib/libc.a(libc_a-syscalls.o)
                0x000000008cfe6b98                __getpid
 .text.__call_exitprocs
                0x000000008cfe6b9c      0x100 /toolchain/lib/gcc/sh4aeb-elf/13.2.0/../../../../sh4aeb-elf/lib/libc.a(libc_a-__call_atexit.o)
                0x000000008cfe6b9c                ___call_exitprocs
 .text.__errno  0x000000008cfe6c9c        0xc /toolchain/lib/gcc/sh4aeb-elf/13.2.0/../../../../sh4aeb-elf/lib/libc.a(libc_a-errno.o)
                0x000000008cfe6c9c                ___errno
 .text.abort    0x000000008cfe6ca8       0x18 /toolchain/lib/gcc/sh4aeb-elf/13.2.0/../../../../sh4aeb-elf/lib/libc.a(libc_a-abort.o)
                0x000000008cfe6ca8                _abort
 .text._raise_r
                0x000000008cfe6cc0       0x6c /toolchain/lib/gcc/sh4aeb-elf/13.2.0/../../../../sh4aeb-elf/lib/libc.a(libc_a-signal.o)
                0x000000008cfe6cc0                __raise_r
 .text.raise    0x000000008cfe6d2c       0x14 /toolchain/lib/gcc/sh4aeb-elf/13.2.0/../../../../sh4aeb-elf/lib/libc.a(libc_a-signal.o)
                0x000000008cfe6d2c                _raise
 .text._kill_r  0x000000008cfe6d40       0x34 /toolchain/lib/gcc/sh4aeb-elf/13.2.0/../../../../sh4aeb-elf/lib/libc.a(libc_a-signalr.o)
                0x000000008cfe6d40                __kill_r
 .text._getpid_r
                0x000000008cfe6d74        0xc /toolchain/lib/gcc/sh4aeb-elf/13.2.0/../../../../sh4aeb-elf/lib/libc.a(libc_a-signalr.o)
                0x000000008cfe6d74                __getpid_r
 *(.rodata*)
 .rodata.str1.4
                0x000000008cfe6d80      0x207 /home/dev/tmp//cc5FoOmr.ltrans0.ltrans.o
                                        0x213 (size before relaxing)

.rela.dyn       0x000000008cfe6f88        0x0
 .rela.bootstrap.text
                0x000000008cfe6f88        0x0 /toolchain/lib/gcc/sh4aeb-elf/13.2.0/../../../../sh4aeb-elf/lib/crt0.o
 .rela.text.startup
                0x000000008cfe6f88        0x0 /toolchain/lib/gcc/sh4aeb-elf/13.2.0/../../../../sh4aeb-elf/lib/crt0.o

.data           0x000000008cfe6f88       0x50
 *(.data*)
 .data._impure_ptr
                0x000000008cfe6f88        0x4 /toolchain/lib/gcc/sh4aeb-elf/13.2.0/../../../../sh4aeb-elf/lib/libc.a(libc_a-impure.o)
                0x000000008cfe6f88                __impure_ptr
 .data._impure_data
                0x000000008cfe6f8c       0x4c /toolchain/lib/gcc/sh4aeb-elf/13.2.0/../../../../sh4aeb-elf/lib/libc.a(libc_a-impure.o)
                0x000000008cfe6f8c                __impure_data
                0x000000008cfe6fd8                _edata = .
                [!provide]                        PROVIDE (edata = .)

.bss            0x000000008cfe6fd8      0x150
 *(.bss*)
 .bss.height    0x000000008cfe6fd8        0x4 /sdk/libsdk.a(calc.o)
                0x000000008cfe6fd8                _height
 .bss.width     0x000000008cfe6fdc        0x4 /sdk/libsdk.a(calc.o)
                0x000000008cfe6fdc                _width
 .bss.vram      0x000000008cfe6fe0        0x4 /sdk/libsdk.a(calc.o)
                0x000000008cfe6fe0                _vram
 .bss.__sf      0x000000008cfe6fe4      0x138 /toolchain/lib/gcc/sh4aeb-elf/13.2.0/../../../../sh4aeb-elf/lib/libc.a(libc_a-findfp.o)
                0x000000008cfe6fe4                ___sf
 .bss.__stdio_exit_handler
                0x000000008cfe711c        0x4 /toolchain/lib/gcc/sh4aeb-elf/13.2.0/../../../../sh4aeb-elf/lib/libc.a(libc_a-findfp.o)
                0x000000008cfe711c                ___stdio_exit_handler
 .bss.errno     0x000000008cfe7120        0x4 /toolchain/lib/gcc/sh4aeb-elf/13.2.0/../../../../sh4aeb-elf/lib/libc.a(libc_a-reent.o)
                0x000000008cfe7120                _errno
 .bss.__atexit  0x000000008cfe7124        0x4 /toolchain/lib/gcc/sh4aeb-elf/13.2.0/../../../../sh4aeb-elf/lib/libc.a(libc_a-__call_atexit.o)
                0x000000008cfe7124                ___atexit
 *(COMMON)
                0x000000008cfe7128                _end = .
                [!provide]                        PROVIDE (end = .)

.eh_frame
 *(.eh_frame*)
OUTPUT(out/PhysForm.elf elf32-sh)

.comment        0x0000000000000000       0x23
 .comment       0x0000000000000000       0x24 /home/dev/tmp//cc5FoOmr.ltrans0.ltrans.o
 .comment       0x0000000000000000       0x23 /sdk/libsdk.a(calc.o)
                                         0x24 (size before relaxing)
 .comment       0x0000000000000023       0x24 /toolchain/lib/gcc/sh4aeb-elf/13.2.0/libgcc.a(_fixdfdi.o)
 .comment       0x0000000000000023       0x24 /toolchain/lib/gcc/sh4aeb-elf/13.2.0/libgcc.a(_fixunsdfdi.o)
 .comment       0x0000000000000023       0x24 /toolchain/lib/gcc/sh4aeb-elf/13.2.0/libgcc.a(_floatdidf.o)
 .comment       0x0000000000000023       0x24 /toolchain/lib/gcc/sh4aeb-elf/13.2.0/../../../../sh4aeb-elf/lib/libc.a(libc_a-exit.o)
 .comment       0x0000000000000023       0x24 /toolchain/lib/gcc/sh4aeb-elf/13.2.0/../../../../sh4aeb-elf/lib/libc.a(libc_a-findfp.o)
 .comment       0x0000000000000023       0x24 /toolchain/lib/gcc/sh4aeb-elf/13.2.0/../../../../sh4aeb-elf/lib/libc.a(libc_a-reent.o)
 .comment       0x0000000000000023       0x24 /toolchain/lib/gcc/sh4aeb-elf/13.2.0/../../../../sh4aeb-elf/lib/libc.a(libc_a-impure.o)
 .comment       0x0000000000000023       0x24 /toolchain/lib/gcc/sh4aeb-elf/13.2.0/../../../../sh4aeb-elf/lib/libc.a(libc_a-syscalls.o)
 .comment       0x0000000000000023       0x24 /toolchain/lib/gcc/sh4aeb-elf/13.2.0/../../../../sh4aeb-elf/lib/libc.a(libc_a-__call_atexit.o)
 .comment       0x0000000000000023       0x24 /toolchain/lib/gcc/sh4aeb-elf/13.2.0/../../../../sh4aeb-elf/lib/libc.a(libc_a-errno.o)
 .comment       0x0000000000000023       0x24 /toolchain/lib/gcc/sh4aeb-elf/13.2.0/../../../../sh4aeb-elf/lib/libc.a(libc_a-abort.o)
 .comment       0x0000000000000023       0x24 /toolchain/lib/gcc/sh4aeb-elf/13.2.0/../../../../sh4aeb-elf/lib/libc.a(libc_a-signal.o)
 .comment       0x0000000000000023       0x24 /toolchain/lib/gcc/sh4aeb-elf/13.2.0/../../../../sh4aeb-elf/lib/libc.a(libc_a-signalr.o)

.debug_info     0x0000000000000000     0x52db
 .debug_info    0x0000000000000000      0x12b /toolchain/lib/gcc/sh4aeb-elf/13.2.0/libgcc.a(_fixdfdi.o)
 .debug_info    0x000000000000012b      0x100 /toolchain/lib/gcc/sh4aeb-elf/13.2.0/libgcc.a(_fixunsdfdi.o)
 .debug_info    0x000000000000022b       0xfc /toolchain/lib/gcc/sh4aeb-elf/13.2.0/libgcc.a(_floatdidf.o)
 .debug_info    0x0000000000000327      0x106 /toolchain/lib/gcc/sh4aeb-elf/13.2.0/../../../../sh4aeb-elf/lib/libc.a(libc_a-exit.o)
 .debug_info    0x000000000000042d      0xca6 /toolchain/lib/gcc/sh4aeb-elf/13.2.0/../../../../sh4aeb-elf/lib/libc.a(libc_a-findfp.o)
 .debug_info    0x00000000000010d3      0x85e /toolchain/lib/gcc/sh4aeb-elf/13.2.0/../../../../sh4aeb-elf/lib/libc.a(libc_a-reent.o)
 .debug_info    0x0000000000001931      0x6e6 /toolchain/lib/gcc/sh4aeb-elf/13.2.0/../../../../sh4aeb-elf/lib/libc.a(libc_a-impure.o)
 .debug_info    0x0000000000002017     0x1742 /toolchain/lib/gcc/sh4aeb-elf/13.2.0/../../../../sh4aeb-elf/lib/libc.a(libc_a-syscalls.o)
 .debug_info    0x0000000000003759      0x28e /toolchain/lib/gcc/sh4aeb-elf/13.2.0/../../../../sh4aeb-elf/lib/libc.a(libc_a-__call_atexit.o)
 .debug_info    0x00000000000039e7      0x6cc /toolchain/lib/gcc/sh4aeb-elf/13.2.0/../../../../sh4aeb-elf/lib/libc.a(libc_a-errno.o)
 .debug_info    0x00000000000040b3       0xd8 /toolchain/lib/gcc/sh4aeb-elf/13.2.0/../../../../sh4aeb-elf/lib/libc.a(libc_a-abort.o)
 .debug_info    0x000000000000418b      0x9ac /toolchain/lib/gcc/sh4aeb-elf/13.2.0/../../../../sh4aeb-elf/lib/libc.a(libc_a-signal.o)
 .debug_info    0x0000000000004b37      0x7a4 /toolchain/lib/gcc/sh4aeb-elf/13.2.0/../../../../sh4aeb-elf/lib/libc.a(libc_a-signalr.o)

.debug_abbrev   0x0000000000000000     0x168d
 .debug_abbrev  0x0000000000000000       0xa4 /toolchain/lib/gcc/sh4aeb-elf/13.2.0/libgcc.a(_fixdfdi.o)
 .debug_abbrev  0x00000000000000a4       0x80 /toolchain/lib/gcc/sh4aeb-elf/13.2.0/libgcc.a(_fixunsdfdi.o)
 .debug_abbrev  0x0000000000000124       0x77 /toolchain/lib/gcc/sh4aeb-elf/13.2.0/libgcc.a(_floatdidf.o)
 .debug_abbrev  0x000000000000019b       0xd2 /toolchain/lib/gcc/sh4aeb-elf/13.2.0/../../../../sh4aeb-elf/lib/libc.a(libc_a-exit.o)
 .debug_abbrev  0x000000000000026d      0x366 /toolchain/lib/gcc/sh4aeb-elf/13.2.0/../../../../sh4aeb-elf/lib/libc.a(libc_a-findfp.o)
 .debug_abbrev  0x00000000000005d3      0x1f1 /toolchain/lib/gcc/sh4aeb-elf/13.2.0/../../../../sh4aeb-elf/lib/libc.a(libc_a-reent.o)
 .debug_abbrev  0x00000000000007c4      0x149 /toolchain/lib/gcc/sh4aeb-elf/13.2.0/../../../../sh4aeb-elf/lib/libc.a(libc_a-impure.o)
 .debug_abbrev  0x000000000000090d      0x539 /toolchain/lib/gcc/sh4aeb-elf/13.2.0/../../../../sh4aeb-elf/lib/libc.a(libc_a-syscalls.o)
 .debug_abbrev  0x0000000000000e46      0x20b /toolchain/lib/gcc/sh4aeb-elf/13.2.0/../../../../sh4aeb-elf/lib/libc.a(libc_a-__call_atexit.o)
 .debug_abbrev  0x0000000000001051      0x15e /toolchain/lib/gcc/sh4aeb-elf/13.2.0/../../../../sh4aeb-elf/lib/libc.a(libc_a-errno.o)
 .debug_abbrev  0x00000000000011af       0x99 /toolchain/lib/gcc/sh4aeb-elf/13.2.0/../../../../sh4aeb-elf/lib/libc.a(libc_a-abort.o)
 .debug_abbrev  0x0000000000001248      0x24e /toolchain/lib/gcc/sh4aeb-elf/13.2.0/../../../../sh4aeb-elf/lib/libc.a(libc_a-signal.o)
 .debug_abbrev  0x0000000000001496      0x1f7 /toolchain/lib/gcc/sh4aeb-elf/13.2.0/../../../../sh4aeb-elf/lib/libc.a(libc_a-signalr.o)

.debug_loclists
                0x0000000000000000      0xf4d
 .debug_loclists
                0x0000000000000000       0x21 /toolchain/lib/gcc/sh4aeb-elf/13.2.0/libgcc.a(_fixdfdi.o)
 .debug_loclists
                0x0000000000000021       0x9c /toolchain/lib/gcc/sh4aeb-elf/13.2.0/libgcc.a(_fixunsdfdi.o)
 .debug_loclists
                0x00000000000000bd       0x26 /toolchain/lib/gcc/sh4aeb-elf/13.2.0/libgcc.a(_floatdidf.o)
 .debug_loclists
                0x00000000000000e3       0x1c /toolchain/lib/gcc/sh4aeb-elf/13.2.0/../../../../sh4aeb-elf/lib/libc.a(libc_a-exit.o)
 .debug_loclists
                0x00000000000000ff      0x192 /toolchain/lib/gcc/sh4aeb-elf/13.2.0/../../../../sh4aeb-elf/lib/libc.a(libc_a-findfp.o)
 .debug_loclists
                0x0000000000000291       0x86 /toolchain/lib/gcc/sh4aeb-elf/13.2.0/../../../../sh4aeb-elf/lib/libc.a(libc_a-reent.o)
 .debug_loclists
                0x0000000000000317      0x884 /toolchain/lib/gcc/sh4aeb-elf/13.2.0/../../../../sh4aeb-elf/lib/libc.a(libc_a-syscalls.o)
 .debug_loclists
                0x0000000000000b9b       0xe1 /toolchain/lib/gcc/sh4aeb-elf/13.2.0/../../../../sh4aeb-elf/lib/libc.a(libc_a-__call_atexit.o)
 .debug_loclists
                0x0000000000000c7c      0x257 /toolchain/lib/gcc/sh4aeb-elf/13.2.0/../../../../sh4aeb-elf/lib/libc.a(libc_a-signal.o)
 .debug_loclists
                0x0000000000000ed3       0x7a /toolchain/lib/gcc/sh4aeb-elf/13.2.0/../../../../sh4aeb-elf/lib/libc.a(libc_a-signalr.o)

.debug_aranges  0x0000000000000000      0x370
 .debug_aranges
                0x0000000000000000       0x20 /toolchain/lib/gcc/sh4aeb-elf/13.2.0/libgcc.a(_fixdfdi.o)
 .debug_aranges
                0x0000000000000020       0x20 /toolchain/lib/gcc/sh4aeb-elf/13.2.0/libgcc.a(_fixunsdfdi.o)
 .debug_aranges
                0x0000000000000040       0x20 /toolchain/lib/gcc/sh4aeb-elf/13.2.0/libgcc.a(_floatdidf.o)
 .debug_aranges
                0x0000000000000060       0x20 /toolchain/lib/gcc/sh4aeb-elf/13.2.0/../../../../sh4aeb-elf/lib/libc.a(libc_a-exit.o)
 .debug_aranges
                0x0000000000000080       0x48 /toolchain/lib/gcc/sh4aeb-elf/13.2.0/../../../../sh4aeb-elf/lib/libc.a(libc_a-findfp.o)
 .debug_aranges
                0x00000000000000c8       0x20 /toolchain/lib/gcc/sh4aeb-elf/13.2.0/../../../../sh4aeb-elf/lib/libc.a(libc_a-reent.o)
 .debug_aranges
                0x00000000000000e8       0x18 /toolchain/lib/gcc/sh4aeb-elf/13.2.0/../../../../sh4aeb-elf/lib/libc.a(libc_a-impure.o)
 .debug_aranges
                0x0000000000000100      0x188 /toolchain/lib/gcc/sh4aeb-elf/13.2.0/../../../../sh4aeb-elf/lib/libc.a(libc_a-syscalls.o)
 .debug_aranges
                0x0000000000000288       0x28 /toolchain/lib/gcc/sh4aeb-elf/13.2.0/../../../../sh4aeb-elf/lib/libc.a(libc_a-__call_atexit.o)
 .debug_aranges
                0x00000000000002b0       0x20 /toolchain/lib/gcc/sh4aeb-elf/13.2.0/../../../../sh4aeb-elf/lib/libc.a(libc_a-errno.o)
 .debug_aranges
                0x00000000000002d0       0x20 /toolchain/lib/gcc/sh4aeb-elf/13.2.0/../../../../sh4aeb-elf/lib/libc.a(libc_a-abort.o)
 .debug_aranges
                0x00000000000002f0       0x58 /toolchain/lib/gcc/sh4aeb-elf/13.2.0/../../../../sh4aeb-elf/lib/libc.a(libc_a-signal.o)
 .debug_aranges
                0x0000000000000348       0x28 /toolchain/lib/gcc/sh4aeb-elf/13.2.0/../../../../sh4aeb-elf/lib/libc.a(libc_a-signalr.o)

.debug_line     0x0000000000000000     0x237a
 .debug_line    0x0000000000000000       0xa0 /toolchain/lib/gcc/sh4aeb-elf/13.2.0/libgcc.a(_fixdfdi.o)
 .debug_line    0x00000000000000a0       0xa6 /toolchain/lib/gcc/sh4aeb-elf/13.2.0/libgcc.a(_fixunsdfdi.o)
 .debug_line    0x0000000000000146       0xa1 /toolchain/lib/gcc/sh4aeb-elf/13.2.0/libgcc.a(_floatdidf.o)
 .debug_line    0x00000000000001e7      0x153 /toolchain/lib/gcc/sh4aeb-elf/13.2.0/../../../../sh4aeb-elf/lib/libc.a(libc_a-exit.o)
 .debug_line    0x000000000000033a      0x491 /toolchain/lib/gcc/sh4aeb-elf/13.2.0/../../../../sh4aeb-elf/lib/libc.a(libc_a-findfp.o)
 .debug_line    0x00000000000007cb      0x29e /toolchain/lib/gcc/sh4aeb-elf/13.2.0/../../../../sh4aeb-elf/lib/libc.a(libc_a-reent.o)
 .debug_line    0x0000000000000a69      0x122 /toolchain/lib/gcc/sh4aeb-elf/13.2.0/../../../../sh4aeb-elf/lib/libc.a(libc_a-impure.o)
 .debug_line    0x0000000000000b8b      0xcc0 /toolchain/lib/gcc/sh4aeb-elf/13.2.0/../../../../sh4aeb-elf/lib/libc.a(libc_a-syscalls.o)
 .debug_line    0x000000000000184b      0x2a4 /toolchain/lib/gcc/sh4aeb-elf/13.2.0/../../../../sh4aeb-elf/lib/libc.a(libc_a-__call_atexit.o)
 .debug_line    0x0000000000001aef      0x147 /toolchain/lib/gcc/sh4aeb-elf/13.2.0/../../../../sh4aeb-elf/lib/libc.a(libc_a-errno.o)
 .debug_line    0x0000000000001c36      0x137 /toolchain/lib/gcc/sh4aeb-elf/13.2.0/../../../../sh4aeb-elf/lib/libc.a(libc_a-abort.o)
 .debug_line    0x0000000000001d6d      0x408 /toolchain/lib/gcc/sh4aeb-elf/13.2.0/../../../../sh4aeb-elf/lib/libc.a(libc_a-signal.o)
 .debug_line    0x0000000000002175      0x205 /toolchain/lib/gcc/sh4aeb-elf/13.2.0/../../../../sh4aeb-elf/lib/libc.a(libc_a-signalr.o)

.debug_str      0x0000000000000000     0x106f
 .debug_str     0x0000000000000000      0x13a /toolchain/lib/gcc/sh4aeb-elf/13.2.0/libgcc.a(_fixdfdi.o)
                                        0x1e3 (size before relaxing)
 .debug_str     0x000000000000013a        0x8 /toolchain/lib/gcc/sh4aeb-elf/13.2.0/libgcc.a(_fixunsdfdi.o)
                                        0x1da (size before relaxing)
 .debug_str     0x0000000000000142        0xc /toolchain/lib/gcc/sh4aeb-elf/13.2.0/libgcc.a(_floatdidf.o)
                                        0x1df (size before relaxing)
 .debug_str     0x000000000000014e      0x16a /toolchain/lib/gcc/sh4aeb-elf/13.2.0/../../../../sh4aeb-elf/lib/libc.a(libc_a-exit.o)
                                        0x1a8 (size before relaxing)
 .debug_str     0x00000000000002b8      0x441 /toolchain/lib/gcc/sh4aeb-elf/13.2.0/../../../../sh4aeb-elf/lib/libc.a(libc_a-findfp.o)
                                        0x617 (size before relaxing)
 .debug_str     0x00000000000006f9       0x7b /toolchain/lib/gcc/sh4aeb-elf/13.2.0/../../../../sh4aeb-elf/lib/libc.a(libc_a-reent.o)
                                        0x4a3 (size before relaxing)
 .debug_str     0x0000000000000774       0x49 /toolchain/lib/gcc/sh4aeb-elf/13.2.0/../../../../sh4aeb-elf/lib/libc.a(libc_a-impure.o)
                                        0x484 (size before relaxing)
 .debug_str     0x00000000000007bd      0x639 /toolchain/lib/gcc/sh4aeb-elf/13.2.0/../../../../sh4aeb-elf/lib/libc.a(libc_a-syscalls.o)
                                        0x864 (size before relaxing)
 .debug_str     0x0000000000000df6       0xe8 /toolchain/lib/gcc/sh4aeb-elf/13.2.0/../../../../sh4aeb-elf/lib/libc.a(libc_a-__call_atexit.o)
                                        0x24a (size before relaxing)
 .debug_str     0x0000000000000ede       0x48 /toolchain/lib/gcc/sh4aeb-elf/13.2.0/../../../../sh4aeb-elf/lib/libc.a(libc_a-errno.o)
                                        0x47e (size before relaxing)
 .debug_str     0x0000000000000f26       0x4f /toolchain/lib/gcc/sh4aeb-elf/13.2.0/../../../../sh4aeb-elf/lib/libc.a(libc_a-abort.o)
                                        0x185 (size before relaxing)
 .debug_str     0x0000000000000f75       0xb0 /toolchain/lib/gcc/sh4aeb-elf/13.2.0/../../../../sh4aeb-elf/lib/libc.a(libc_a-signal.o)
                                        0x50b (size before relaxing)
 .debug_str     0x0000000000001025       0x4a /toolchain/lib/gcc/sh4aeb-elf/13.2.0/../../../../sh4aeb-elf/lib/libc.a(libc_a-signalr.o)
                                        0x4a0 (size before relaxing)

.debug_frame    0x0000000000000000      0x978
 .debug_frame   0x0000000000000000       0x30 /toolchain/lib/gcc/sh4aeb-elf/13.2.0/libgcc.a(_fixdfdi.o)
 .debug_frame   0x0000000000000030       0x20 /toolchain/lib/gcc/sh4aeb-elf/13.2.0/libgcc.a(_fixunsdfdi.o)
 .debug_frame   0x0000000000000050       0x20 /toolchain/lib/gcc/sh4aeb-elf/13.2.0/libgcc.a(_floatdidf.o)
 .debug_frame   0x0000000000000070       0x2c /toolchain/lib/gcc/sh4aeb-elf/13.2.0/../../../../sh4aeb-elf/lib/libc.a(libc_a-exit.o)
 .debug_frame   0x000000000000009c       0xec /toolchain/lib/gcc/sh4aeb-elf/13.2.0/../../../../sh4aeb-elf/lib/libc.a(libc_a-findfp.o)
 .debug_frame   0x0000000000000188       0x64 /toolchain/lib/gcc/sh4aeb-elf/13.2.0/../../../../sh4aeb-elf/lib/libc.a(libc_a-reent.o)
 .debug_frame   0x00000000000001ec      0x560 /toolchain/lib/gcc/sh4aeb-elf/13.2.0/../../../../sh4aeb-elf/lib/libc.a(libc_a-syscalls.o)
 .debug_frame   0x000000000000074c       0x80 /toolchain/lib/gcc/sh4aeb-elf/13.2.0/../../../../sh4aeb-elf/lib/libc.a(libc_a-__call_atexit.o)
 .debug_frame   0x00000000000007cc       0x20 /toolchain/lib/gcc/sh4aeb-elf/13.2.0/../../../../sh4aeb-elf/lib/libc.a(libc_a-errno.o)
 .debug_frame   0x00000000000007ec       0x28 /toolchain/lib/gcc/sh4aeb-elf/13.2.0/../../../../sh4aeb-elf/lib/libc.a(libc_a-abort.o)
 .debug_frame   0x0000000000000814      0x118 /toolchain/lib/gcc/sh4aeb-elf/13.2.0/../../../../sh4aeb-elf/lib/libc.a(libc_a-signal.o)
 .debug_frame   0x000000000000092c       0x4c /toolchain/lib/gcc/sh4aeb-elf/13.2.0/../../../../sh4aeb-elf/lib/libc.a(libc_a-signalr.o)

.debug_rnglists
                0x0000000000000000      0x319
 .debug_rnglists
                0x0000000000000000       0x13 /toolchain/lib/gcc/sh4aeb-elf/13.2.0/../../../../sh4aeb-elf/lib/libc.a(libc_a-exit.o)
 .debug_rnglists
                0x0000000000000013       0x68 /toolchain/lib/gcc/sh4aeb-elf/13.2.0/../../../../sh4aeb-elf/lib/libc.a(libc_a-findfp.o)
 .debug_rnglists
                0x000000000000007b       0x30 /toolchain/lib/gcc/sh4aeb-elf/13.2.0/../../../../sh4aeb-elf/lib/libc.a(libc_a-reent.o)
 .debug_rnglists
                0x00000000000000ab      0x1b8 /toolchain/lib/gcc/sh4aeb-elf/13.2.0/../../../../sh4aeb-elf/lib/libc.a(libc_a-syscalls.o)
 .debug_rnglists
                0x0000000000000263       0x3a /toolchain/lib/gcc/sh4aeb-elf/13.2.0/../../../../sh4aeb-elf/lib/libc.a(libc_a-__call_atexit.o)
 .debug_rnglists
                0x000000000000029d       0x13 /toolchain/lib/gcc/sh4aeb-elf/13.2.0/../../../../sh4aeb-elf/lib/libc.a(libc_a-errno.o)
 .debug_rnglists
                0x00000000000002b0       0x13 /toolchain/lib/gcc/sh4aeb-elf/13.2.0/../../../../sh4aeb-elf/lib/libc.a(libc_a-abort.o)
 .debug_rnglists
                0x00000000000002c3       0x3d /toolchain/lib/gcc/sh4aeb-elf/13.2.0/../../../../sh4aeb-elf/lib/libc.a(libc_a-signal.o)
 .debug_rnglists
                0x0000000000000300       0x19 /toolchain/lib/gcc/sh4aeb-elf/13.2.0/../../../../sh4aeb-elf/lib/libc.a(libc_a-signalr.o)
