Archive member included to satisfy reference by file (symbol)

/sdk/libsdk.a(getKey.o)       obj/src/main.o (symbol from plugin) (_getKey)
/sdk/libsdk.a(debug.o)        obj/src/main.o (symbol from plugin) (_Debug_Printf)
/sdk/libsdk.a(input.o)        obj/src/main.o (symbol from plugin) (_GetInput)
/sdk/libsdk.a(lcd.o)          obj/src/main.o (symbol from plugin) (_LCD_ClearScreen)
/sdk/libsdk.a(string.o)       obj/src/main.o (symbol from plugin) (_String_Strcpy)
/sdk/libsdk.a(calc.o)         obj/src/main.o (symbol from plugin) (_width)
/toolchain/lib/gcc/sh4aeb-elf/13.2.0/libgcc.a(_set_fpscr.o)
                              /toolchain/lib/gcc/sh4aeb-elf/13.2.0/crt1.o (___set_fpscr)
/toolchain/lib/gcc/sh4aeb-elf/13.2.0/../../../../sh4aeb-elf/lib/libc.a(libc_a-atexit.o)
                              /toolchain/lib/gcc/sh4aeb-elf/13.2.0/crt1.o (_atexit)
/toolchain/lib/gcc/sh4aeb-elf/13.2.0/../../../../sh4aeb-elf/lib/libc.a(libc_a-exit.o)
                              /toolchain/lib/gcc/sh4aeb-elf/13.2.0/../../../../sh4aeb-elf/lib/crt0.o (_exit)
/toolchain/lib/gcc/sh4aeb-elf/13.2.0/../../../../sh4aeb-elf/lib/libc.a(libc_a-findfp.o)
                              /toolchain/lib/gcc/sh4aeb-elf/13.2.0/../../../../sh4aeb-elf/lib/libc.a(libc_a-exit.o) (___stdio_exit_handler)
/toolchain/lib/gcc/sh4aeb-elf/13.2.0/../../../../sh4aeb-elf/lib/libc.a(libc_a-fwalk.o)
                              /toolchain/lib/gcc/sh4aeb-elf/13.2.0/../../../../sh4aeb-elf/lib/libc.a(libc_a-findfp.o) (__fwalk_sglue)
/toolchain/lib/gcc/sh4aeb-elf/13.2.0/../../../../sh4aeb-elf/lib/libc.a(libc_a-stdio.o)
                              /toolchain/lib/gcc/sh4aeb-elf/13.2.0/../../../../sh4aeb-elf/lib/libc.a(libc_a-findfp.o) (___sread)
/toolchain/lib/gcc/sh4aeb-elf/13.2.0/../../../../sh4aeb-elf/lib/libc.a(libc_a-closer.o)
                              /toolchain/lib/gcc/sh4aeb-elf/13.2.0/../../../../sh4aeb-elf/lib/libc.a(libc_a-stdio.o) (__close_r)
/toolchain/lib/gcc/sh4aeb-elf/13.2.0/../../../../sh4aeb-elf/lib/libc.a(libc_a-reent.o)
                              /toolchain/lib/gcc/sh4aeb-elf/13.2.0/../../../../sh4aeb-elf/lib/libc.a(libc_a-closer.o) (_errno)
/toolchain/lib/gcc/sh4aeb-elf/13.2.0/../../../../sh4aeb-elf/lib/libc.a(libc_a-impure.o)
                              /toolchain/lib/gcc/sh4aeb-elf/13.2.0/../../../../sh4aeb-elf/lib/libc.a(libc_a-reent.o) (__impure_ptr)
/toolchain/lib/gcc/sh4aeb-elf/13.2.0/../../../../sh4aeb-elf/lib/libc.a(libc_a-lseekr.o)
                              /toolchain/lib/gcc/sh4aeb-elf/13.2.0/../../../../sh4aeb-elf/lib/libc.a(libc_a-stdio.o) (__lseek_r)
/toolchain/lib/gcc/sh4aeb-elf/13.2.0/../../../../sh4aeb-elf/lib/libc.a(libc_a-readr.o)
                              /toolchain/lib/gcc/sh4aeb-elf/13.2.0/../../../../sh4aeb-elf/lib/libc.a(libc_a-stdio.o) (__read_r)
/toolchain/lib/gcc/sh4aeb-elf/13.2.0/../../../../sh4aeb-elf/lib/libc.a(libc_a-writer.o)
                              /toolchain/lib/gcc/sh4aeb-elf/13.2.0/../../../../sh4aeb-elf/lib/libc.a(libc_a-stdio.o) (__write_r)
/toolchain/lib/gcc/sh4aeb-elf/13.2.0/../../../../sh4aeb-elf/lib/libc.a(libc_a-syscalls.o)
                              /toolchain/lib/gcc/sh4aeb-elf/13.2.0/../../../../sh4aeb-elf/lib/crt0.o (_cas_setup)
/toolchain/lib/gcc/sh4aeb-elf/13.2.0/../../../../sh4aeb-elf/lib/libc.a(libc_a-cas_file.o)
                              /toolchain/lib/gcc/sh4aeb-elf/13.2.0/../../../../sh4aeb-elf/lib/libc.a(libc_a-syscalls.o) (_cas_close)
/toolchain/lib/gcc/sh4aeb-elf/13.2.0/../../../../sh4aeb-elf/lib/libc.a(libc_a-memset.o)
                              /toolchain/lib/gcc/sh4aeb-elf/13.2.0/../../../../sh4aeb-elf/lib/libc.a(libc_a-findfp.o) (_memset)
/toolchain/lib/gcc/sh4aeb-elf/13.2.0/../../../../sh4aeb-elf/lib/libc.a(libc_a-malloc_r.o)
                              /toolchain/lib/gcc/sh4aeb-elf/13.2.0/../../../../sh4aeb-elf/lib/libc.a(libc_a-findfp.o) (__malloc_r)
/toolchain/lib/gcc/sh4aeb-elf/13.2.0/../../../../sh4aeb-elf/lib/libc.a(libc_a-__atexit.o)
                              /toolchain/lib/gcc/sh4aeb-elf/13.2.0/../../../../sh4aeb-elf/lib/libc.a(libc_a-atexit.o) (___register_exitproc)
/toolchain/lib/gcc/sh4aeb-elf/13.2.0/../../../../sh4aeb-elf/lib/libc.a(libc_a-__call_atexit.o)
                              /toolchain/lib/gcc/sh4aeb-elf/13.2.0/../../../../sh4aeb-elf/lib/libc.a(libc_a-exit.o) (___call_exitprocs)
/toolchain/lib/gcc/sh4aeb-elf/13.2.0/../../../../sh4aeb-elf/lib/libc.a(libc_a-fclose.o)
                              /toolchain/lib/gcc/sh4aeb-elf/13.2.0/../../../../sh4aeb-elf/lib/libc.a(libc_a-findfp.o) (__fclose_r)
/toolchain/lib/gcc/sh4aeb-elf/13.2.0/../../../../sh4aeb-elf/lib/libc.a(libc_a-fflush.o)
                              /toolchain/lib/gcc/sh4aeb-elf/13.2.0/../../../../sh4aeb-elf/lib/libc.a(libc_a-fclose.o) (___sflush_r)
/toolchain/lib/gcc/sh4aeb-elf/13.2.0/../../../../sh4aeb-elf/lib/libc.a(libc_a-errno.o)
                              /toolchain/lib/gcc/sh4aeb-elf/13.2.0/../../../../sh4aeb-elf/lib/libc.a(libc_a-syscalls.o) (___errno)
/toolchain/lib/gcc/sh4aeb-elf/13.2.0/../../../../sh4aeb-elf/lib/libc.a(libc_a-fini.o)
                              /toolchain/lib/gcc/sh4aeb-elf/13.2.0/../../../../sh4aeb-elf/lib/libc.a(libc_a-__call_atexit.o) (___libc_fini_array)
/toolchain/lib/gcc/sh4aeb-elf/13.2.0/../../../../sh4aeb-elf/lib/libc.a(libc_a-memcpy.o)
                              /toolchain/lib/gcc/sh4aeb-elf/13.2.0/../../../../sh4aeb-elf/lib/libc.a(libc_a-malloc_r.o) (_memcpy)
/toolchain/lib/gcc/sh4aeb-elf/13.2.0/../../../../sh4aeb-elf/lib/libc.a(libc_a-malloc.o)
                              /toolchain/lib/gcc/sh4aeb-elf/13.2.0/../../../../sh4aeb-elf/lib/libc.a(libc_a-malloc_r.o) (_free)

Allocating common symbols
Common symbol       size              file

__fpscr_values      0x8               /toolchain/lib/gcc/sh4aeb-elf/13.2.0/libgcc.a(_set_fpscr.o)

Discarded input sections

 .text          0x0000000000000000        0x0 /toolchain/lib/gcc/sh4aeb-elf/13.2.0/../../../../sh4aeb-elf/lib/crt0.o
 .data          0x0000000000000000        0x0 /toolchain/lib/gcc/sh4aeb-elf/13.2.0/../../../../sh4aeb-elf/lib/crt0.o
 .bss           0x0000000000000000        0x0 /toolchain/lib/gcc/sh4aeb-elf/13.2.0/../../../../sh4aeb-elf/lib/crt0.o
 .text          0x0000000000000000       0xc0 /toolchain/lib/gcc/sh4aeb-elf/13.2.0/crt1.o
 .data          0x0000000000000000        0x0 /toolchain/lib/gcc/sh4aeb-elf/13.2.0/crt1.o
 .bss           0x0000000000000000        0x4 /toolchain/lib/gcc/sh4aeb-elf/13.2.0/crt1.o
 .text.vbr      0x0000000000000000      0x640 /toolchain/lib/gcc/sh4aeb-elf/13.2.0/crt1.o
 .debug_abbrev  0x0000000000000000       0x45 /toolchain/lib/gcc/sh4aeb-elf/13.2.0/crt1.o
 .debug_info    0x0000000000000000       0xb7 /toolchain/lib/gcc/sh4aeb-elf/13.2.0/crt1.o
 .debug_line    0x0000000000000000       0x1d /toolchain/lib/gcc/sh4aeb-elf/13.2.0/crt1.o
 .debug_frame   0x0000000000000000       0x2c /toolchain/lib/gcc/sh4aeb-elf/13.2.0/crt1.o
 .debug_pubnames
                0x0000000000000000       0x2b /toolchain/lib/gcc/sh4aeb-elf/13.2.0/crt1.o
 .debug_aranges
                0x0000000000000000       0x20 /toolchain/lib/gcc/sh4aeb-elf/13.2.0/crt1.o
 .text          0x0000000000000000        0x0 /toolchain/lib/gcc/sh4aeb-elf/13.2.0/crti.o
 .data          0x0000000000000000        0x0 /toolchain/lib/gcc/sh4aeb-elf/13.2.0/crti.o
 .bss           0x0000000000000000        0x0 /toolchain/lib/gcc/sh4aeb-elf/13.2.0/crti.o
 .init          0x0000000000000000       0x14 /toolchain/lib/gcc/sh4aeb-elf/13.2.0/crti.o
 .fini          0x0000000000000000       0x14 /toolchain/lib/gcc/sh4aeb-elf/13.2.0/crti.o
 .text          0x0000000000000000       0xfc /toolchain/lib/gcc/sh4aeb-elf/13.2.0/crtbegin.o
 .data          0x0000000000000000        0x0 /toolchain/lib/gcc/sh4aeb-elf/13.2.0/crtbegin.o
 .bss           0x0000000000000000       0x20 /toolchain/lib/gcc/sh4aeb-elf/13.2.0/crtbegin.o
 .ctors         0x0000000000000000        0x4 /toolchain/lib/gcc/sh4aeb-elf/13.2.0/crtbegin.o
 .dtors         0x0000000000000000        0x4 /toolchain/lib/gcc/sh4aeb-elf/13.2.0/crtbegin.o
 .eh_frame      0x0000000000000000        0x0 /toolchain/lib/gcc/sh4aeb-elf/13.2.0/crtbegin.o
 .tm_clone_table
                0x0000000000000000        0x0 /toolchain/lib/gcc/sh4aeb-elf/13.2.0/crtbegin.o
 .fini          0x0000000000000000        0xc /toolchain/lib/gcc/sh4aeb-elf/13.2.0/crtbegin.o
 .init          0x0000000000000000        0xc /toolchain/lib/gcc/sh4aeb-elf/13.2.0/crtbegin.o
 .comment       0x0000000000000000       0x24 /toolchain/lib/gcc/sh4aeb-elf/13.2.0/crtbegin.o
 .text          0x0000000000000000        0x0 /home/dev/tmp//ccQnutJn.ltrans0.ltrans.o
 .data          0x0000000000000000        0x0 /home/dev/tmp//ccQnutJn.ltrans0.ltrans.o
 .bss           0x0000000000000000        0x0 /home/dev/tmp//ccQnutJn.ltrans0.ltrans.o
 .text          0x0000000000000000       0x34 /sdk/libsdk.a(getKey.o)
 .data          0x0000000000000000        0x0 /sdk/libsdk.a(getKey.o)
 .bss           0x0000000000000000        0x0 /sdk/libsdk.a(getKey.o)
 .text          0x0000000000000000        0x0 /sdk/libsdk.a(debug.o)
 .data          0x0000000000000000        0x0 /sdk/libsdk.a(debug.o)
 .bss           0x0000000000000000        0x0 /sdk/libsdk.a(debug.o)
 .text          0x0000000000000000        0x0 /sdk/libsdk.a(input.o)
 .data          0x0000000000000000        0x0 /sdk/libsdk.a(input.o)
 .bss           0x0000000000000000        0x0 /sdk/libsdk.a(input.o)
 .text          0x0000000000000000        0x0 /sdk/libsdk.a(lcd.o)
 .data          0x0000000000000000        0x0 /sdk/libsdk.a(lcd.o)
 .bss           0x0000000000000000        0x0 /sdk/libsdk.a(lcd.o)
 .text          0x0000000000000000        0x0 /sdk/libsdk.a(string.o)
 .data          0x0000000000000000        0x0 /sdk/libsdk.a(string.o)
 .bss           0x0000000000000000        0x0 /sdk/libsdk.a(string.o)
 .group         0x0000000000000000        0xc /sdk/libsdk.a(calc.o)
 .text          0x0000000000000000        0x0 /sdk/libsdk.a(calc.o)
 .data          0x0000000000000000        0x0 /sdk/libsdk.a(calc.o)
 .bss           0x0000000000000000        0x0 /sdk/libsdk.a(calc.o)
 .text._Z8setPixeliim
                0x0000000000000000       0x38 /sdk/libsdk.a(calc.o)
 .text._Z4lineiiiit
                0x0000000000000000       0xc4 /sdk/libsdk.a(calc.o)
 .text._Z5vlineiiit
                0x0000000000000000       0x44 /sdk/libsdk.a(calc.o)
 .text._Z8triangleiiiiiitt
                0x0000000000000000      0x210 /sdk/libsdk.a(calc.o)
 .text._Z10fillScreent
                0x0000000000000000       0x34 /sdk/libsdk.a(calc.o)
 .bss.height    0x0000000000000000        0x4 /sdk/libsdk.a(calc.o)
 .bss.width     0x0000000000000000        0x4 /sdk/libsdk.a(calc.o)
 .bss.vram      0x0000000000000000        0x4 /sdk/libsdk.a(calc.o)
 .comment       0x0000000000000000       0x24 /sdk/libsdk.a(calc.o)
 .text          0x0000000000000000       0x1c /toolchain/lib/gcc/sh4aeb-elf/13.2.0/libgcc.a(_set_fpscr.o)
 .data          0x0000000000000000        0x0 /toolchain/lib/gcc/sh4aeb-elf/13.2.0/libgcc.a(_set_fpscr.o)
 .bss           0x0000000000000000        0x0 /toolchain/lib/gcc/sh4aeb-elf/13.2.0/libgcc.a(_set_fpscr.o)
 COMMON         0x0000000000000000        0x8 /toolchain/lib/gcc/sh4aeb-elf/13.2.0/libgcc.a(_set_fpscr.o)
 .text          0x0000000000000000        0x0 /toolchain/lib/gcc/sh4aeb-elf/13.2.0/../../../../sh4aeb-elf/lib/libc.a(libc_a-atexit.o)
 .data          0x0000000000000000        0x0 /toolchain/lib/gcc/sh4aeb-elf/13.2.0/../../../../sh4aeb-elf/lib/libc.a(libc_a-atexit.o)
 .bss           0x0000000000000000        0x0 /toolchain/lib/gcc/sh4aeb-elf/13.2.0/../../../../sh4aeb-elf/lib/libc.a(libc_a-atexit.o)
 .text.atexit   0x0000000000000000       0x10 /toolchain/lib/gcc/sh4aeb-elf/13.2.0/../../../../sh4aeb-elf/lib/libc.a(libc_a-atexit.o)
 .debug_info    0x0000000000000000      0x11a /toolchain/lib/gcc/sh4aeb-elf/13.2.0/../../../../sh4aeb-elf/lib/libc.a(libc_a-atexit.o)
 .debug_abbrev  0x0000000000000000       0xbe /toolchain/lib/gcc/sh4aeb-elf/13.2.0/../../../../sh4aeb-elf/lib/libc.a(libc_a-atexit.o)
 .debug_loclists
                0x0000000000000000       0x2a /toolchain/lib/gcc/sh4aeb-elf/13.2.0/../../../../sh4aeb-elf/lib/libc.a(libc_a-atexit.o)
 .debug_aranges
                0x0000000000000000       0x20 /toolchain/lib/gcc/sh4aeb-elf/13.2.0/../../../../sh4aeb-elf/lib/libc.a(libc_a-atexit.o)
 .debug_rnglists
                0x0000000000000000       0x13 /toolchain/lib/gcc/sh4aeb-elf/13.2.0/../../../../sh4aeb-elf/lib/libc.a(libc_a-atexit.o)
 .debug_line    0x0000000000000000       0xe2 /toolchain/lib/gcc/sh4aeb-elf/13.2.0/../../../../sh4aeb-elf/lib/libc.a(libc_a-atexit.o)
 .debug_str     0x0000000000000000      0x1bf /toolchain/lib/gcc/sh4aeb-elf/13.2.0/../../../../sh4aeb-elf/lib/libc.a(libc_a-atexit.o)
 .comment       0x0000000000000000       0x24 /toolchain/lib/gcc/sh4aeb-elf/13.2.0/../../../../sh4aeb-elf/lib/libc.a(libc_a-atexit.o)
 .debug_frame   0x0000000000000000       0x20 /toolchain/lib/gcc/sh4aeb-elf/13.2.0/../../../../sh4aeb-elf/lib/libc.a(libc_a-atexit.o)
 .text          0x0000000000000000        0x0 /toolchain/lib/gcc/sh4aeb-elf/13.2.0/../../../../sh4aeb-elf/lib/libc.a(libc_a-exit.o)
 .data          0x0000000000000000        0x0 /toolchain/lib/gcc/sh4aeb-elf/13.2.0/../../../../sh4aeb-elf/lib/libc.a(libc_a-exit.o)
 .bss           0x0000000000000000        0x0 /toolchain/lib/gcc/sh4aeb-elf/13.2.0/../../../../sh4aeb-elf/lib/libc.a(libc_a-exit.o)
 .text          0x0000000000000000        0x0 /toolchain/lib/gcc/sh4aeb-elf/13.2.0/../../../../sh4aeb-elf/lib/libc.a(libc_a-findfp.o)
 .data          0x0000000000000000        0x0 /toolchain/lib/gcc/sh4aeb-elf/13.2.0/../../../../sh4aeb-elf/lib/libc.a(libc_a-findfp.o)
 .bss           0x0000000000000000        0x0 /toolchain/lib/gcc/sh4aeb-elf/13.2.0/../../../../sh4aeb-elf/lib/libc.a(libc_a-findfp.o)
 .text.std      0x0000000000000000       0x58 /toolchain/lib/gcc/sh4aeb-elf/13.2.0/../../../../sh4aeb-elf/lib/libc.a(libc_a-findfp.o)
 .text.stdio_exit_handler
                0x0000000000000000       0x1c /toolchain/lib/gcc/sh4aeb-elf/13.2.0/../../../../sh4aeb-elf/lib/libc.a(libc_a-findfp.o)
 .text.cleanup_stdio
                0x0000000000000000       0x4c /toolchain/lib/gcc/sh4aeb-elf/13.2.0/../../../../sh4aeb-elf/lib/libc.a(libc_a-findfp.o)
 .text.global_stdio_init.part.0
                0x0000000000000000       0x48 /toolchain/lib/gcc/sh4aeb-elf/13.2.0/../../../../sh4aeb-elf/lib/libc.a(libc_a-findfp.o)
 .text.__sfp    0x0000000000000000       0xc8 /toolchain/lib/gcc/sh4aeb-elf/13.2.0/../../../../sh4aeb-elf/lib/libc.a(libc_a-findfp.o)
 .text.__sinit  0x0000000000000000       0x28 /toolchain/lib/gcc/sh4aeb-elf/13.2.0/../../../../sh4aeb-elf/lib/libc.a(libc_a-findfp.o)
 .data.__sglue  0x0000000000000000        0xc /toolchain/lib/gcc/sh4aeb-elf/13.2.0/../../../../sh4aeb-elf/lib/libc.a(libc_a-findfp.o)
 .bss.__sf      0x0000000000000000      0x138 /toolchain/lib/gcc/sh4aeb-elf/13.2.0/../../../../sh4aeb-elf/lib/libc.a(libc_a-findfp.o)
 .text          0x0000000000000000        0x0 /toolchain/lib/gcc/sh4aeb-elf/13.2.0/../../../../sh4aeb-elf/lib/libc.a(libc_a-fwalk.o)
 .data          0x0000000000000000        0x0 /toolchain/lib/gcc/sh4aeb-elf/13.2.0/../../../../sh4aeb-elf/lib/libc.a(libc_a-fwalk.o)
 .bss           0x0000000000000000        0x0 /toolchain/lib/gcc/sh4aeb-elf/13.2.0/../../../../sh4aeb-elf/lib/libc.a(libc_a-fwalk.o)
 .text._fwalk_sglue
                0x0000000000000000       0x58 /toolchain/lib/gcc/sh4aeb-elf/13.2.0/../../../../sh4aeb-elf/lib/libc.a(libc_a-fwalk.o)
 .debug_info    0x0000000000000000      0x78b /toolchain/lib/gcc/sh4aeb-elf/13.2.0/../../../../sh4aeb-elf/lib/libc.a(libc_a-fwalk.o)
 .debug_abbrev  0x0000000000000000      0x192 /toolchain/lib/gcc/sh4aeb-elf/13.2.0/../../../../sh4aeb-elf/lib/libc.a(libc_a-fwalk.o)
 .debug_loclists
                0x0000000000000000       0xa2 /toolchain/lib/gcc/sh4aeb-elf/13.2.0/../../../../sh4aeb-elf/lib/libc.a(libc_a-fwalk.o)
 .debug_aranges
                0x0000000000000000       0x20 /toolchain/lib/gcc/sh4aeb-elf/13.2.0/../../../../sh4aeb-elf/lib/libc.a(libc_a-fwalk.o)
 .debug_rnglists
                0x0000000000000000       0x13 /toolchain/lib/gcc/sh4aeb-elf/13.2.0/../../../../sh4aeb-elf/lib/libc.a(libc_a-fwalk.o)
 .debug_line    0x0000000000000000      0x1e9 /toolchain/lib/gcc/sh4aeb-elf/13.2.0/../../../../sh4aeb-elf/lib/libc.a(libc_a-fwalk.o)
 .debug_str     0x0000000000000000      0x494 /toolchain/lib/gcc/sh4aeb-elf/13.2.0/../../../../sh4aeb-elf/lib/libc.a(libc_a-fwalk.o)
 .comment       0x0000000000000000       0x24 /toolchain/lib/gcc/sh4aeb-elf/13.2.0/../../../../sh4aeb-elf/lib/libc.a(libc_a-fwalk.o)
 .debug_frame   0x0000000000000000       0x6c /toolchain/lib/gcc/sh4aeb-elf/13.2.0/../../../../sh4aeb-elf/lib/libc.a(libc_a-fwalk.o)
 .text          0x0000000000000000        0x0 /toolchain/lib/gcc/sh4aeb-elf/13.2.0/../../../../sh4aeb-elf/lib/libc.a(libc_a-stdio.o)
 .data          0x0000000000000000        0x0 /toolchain/lib/gcc/sh4aeb-elf/13.2.0/../../../../sh4aeb-elf/lib/libc.a(libc_a-stdio.o)
 .bss           0x0000000000000000        0x0 /toolchain/lib/gcc/sh4aeb-elf/13.2.0/../../../../sh4aeb-elf/lib/libc.a(libc_a-stdio.o)
 .text.__sread  0x0000000000000000       0x34 /toolchain/lib/gcc/sh4aeb-elf/13.2.0/../../../../sh4aeb-elf/lib/libc.a(libc_a-stdio.o)
 .text.__seofread
                0x0000000000000000        0x4 /toolchain/lib/gcc/sh4aeb-elf/13.2.0/../../../../sh4aeb-elf/lib/libc.a(libc_a-stdio.o)
 .text.__swrite
                0x0000000000000000       0x4c /toolchain/lib/gcc/sh4aeb-elf/13.2.0/../../../../sh4aeb-elf/lib/libc.a(libc_a-stdio.o)
 .text.__sseek  0x0000000000000000       0x38 /toolchain/lib/gcc/sh4aeb-elf/13.2.0/../../../../sh4aeb-elf/lib/libc.a(libc_a-stdio.o)
 .text.__sclose
                0x0000000000000000        0xc /toolchain/lib/gcc/sh4aeb-elf/13.2.0/../../../../sh4aeb-elf/lib/libc.a(libc_a-stdio.o)
 .debug_info    0x0000000000000000      0xa09 /toolchain/lib/gcc/sh4aeb-elf/13.2.0/../../../../sh4aeb-elf/lib/libc.a(libc_a-stdio.o)
 .debug_abbrev  0x0000000000000000      0x22a /toolchain/lib/gcc/sh4aeb-elf/13.2.0/../../../../sh4aeb-elf/lib/libc.a(libc_a-stdio.o)
 .debug_loclists
                0x0000000000000000      0x254 /toolchain/lib/gcc/sh4aeb-elf/13.2.0/../../../../sh4aeb-elf/lib/libc.a(libc_a-stdio.o)
 .debug_aranges
                0x0000000000000000       0x40 /toolchain/lib/gcc/sh4aeb-elf/13.2.0/../../../../sh4aeb-elf/lib/libc.a(libc_a-stdio.o)
 .debug_rnglists
                0x0000000000000000       0x2b /toolchain/lib/gcc/sh4aeb-elf/13.2.0/../../../../sh4aeb-elf/lib/libc.a(libc_a-stdio.o)
 .debug_line    0x0000000000000000      0x29f /toolchain/lib/gcc/sh4aeb-elf/13.2.0/../../../../sh4aeb-elf/lib/libc.a(libc_a-stdio.o)
 .debug_str     0x0000000000000000      0x4f1 /toolchain/lib/gcc/sh4aeb-elf/13.2.0/../../../../sh4aeb-elf/lib/libc.a(libc_a-stdio.o)
 .comment       0x0000000000000000       0x24 /toolchain/lib/gcc/sh4aeb-elf/13.2.0/../../../../sh4aeb-elf/lib/libc.a(libc_a-stdio.o)
 .debug_frame   0x0000000000000000       0xb8 /toolchain/lib/gcc/sh4aeb-elf/13.2.0/../../../../sh4aeb-elf/lib/libc.a(libc_a-stdio.o)
 .text          0x0000000000000000        0x0 /toolchain/lib/gcc/sh4aeb-elf/13.2.0/../../../../sh4aeb-elf/lib/libc.a(libc_a-closer.o)
 .data          0x0000000000000000        0x0 /toolchain/lib/gcc/sh4aeb-elf/13.2.0/../../../../sh4aeb-elf/lib/libc.a(libc_a-closer.o)
 .bss           0x0000000000000000        0x0 /toolchain/lib/gcc/sh4aeb-elf/13.2.0/../../../../sh4aeb-elf/lib/libc.a(libc_a-closer.o)
 .text._close_r
                0x0000000000000000       0x30 /toolchain/lib/gcc/sh4aeb-elf/13.2.0/../../../../sh4aeb-elf/lib/libc.a(libc_a-closer.o)
 .debug_info    0x0000000000000000      0x71f /toolchain/lib/gcc/sh4aeb-elf/13.2.0/../../../../sh4aeb-elf/lib/libc.a(libc_a-closer.o)
 .debug_abbrev  0x0000000000000000      0x1aa /toolchain/lib/gcc/sh4aeb-elf/13.2.0/../../../../sh4aeb-elf/lib/libc.a(libc_a-closer.o)
 .debug_loclists
                0x0000000000000000       0x43 /toolchain/lib/gcc/sh4aeb-elf/13.2.0/../../../../sh4aeb-elf/lib/libc.a(libc_a-closer.o)
 .debug_aranges
                0x0000000000000000       0x20 /toolchain/lib/gcc/sh4aeb-elf/13.2.0/../../../../sh4aeb-elf/lib/libc.a(libc_a-closer.o)
 .debug_rnglists
                0x0000000000000000       0x13 /toolchain/lib/gcc/sh4aeb-elf/13.2.0/../../../../sh4aeb-elf/lib/libc.a(libc_a-closer.o)
 .debug_line    0x0000000000000000      0x1d3 /toolchain/lib/gcc/sh4aeb-elf/13.2.0/../../../../sh4aeb-elf/lib/libc.a(libc_a-closer.o)
 .debug_str     0x0000000000000000      0x47a /toolchain/lib/gcc/sh4aeb-elf/13.2.0/../../../../sh4aeb-elf/lib/libc.a(libc_a-closer.o)
 .comment       0x0000000000000000       0x24 /toolchain/lib/gcc/sh4aeb-elf/13.2.0/../../../../sh4aeb-elf/lib/libc.a(libc_a-closer.o)
 .debug_frame   0x0000000000000000       0x3c /toolchain/lib/gcc/sh4aeb-elf/13.2.0/../../../../sh4aeb-elf/lib/libc.a(libc_a-closer.o)
 .text          0x0000000000000000        0x0 /toolchain/lib/gcc/sh4aeb-elf/13.2.0/../../../../sh4aeb-elf/lib/libc.a(libc_a-reent.o)
 .data          0x0000000000000000        0x0 /toolchain/lib/gcc/sh4aeb-elf/13.2.0/../../../../sh4aeb-elf/lib/libc.a(libc_a-reent.o)
 .bss           0x0000000000000000        0x0 /toolchain/lib/gcc/sh4aeb-elf/13.2.0/../../../../sh4aeb-elf/lib/libc.a(libc_a-reent.o)
 .text._reclaim_reent
                0x0000000000000000      0x104 /toolchain/lib/gcc/sh4aeb-elf/13.2.0/../../../../sh4aeb-elf/lib/libc.a(libc_a-reent.o)
 .bss.errno     0x0000000000000000        0x4 /toolchain/lib/gcc/sh4aeb-elf/13.2.0/../../../../sh4aeb-elf/lib/libc.a(libc_a-reent.o)
 .debug_info    0x0000000000000000      0x85e /toolchain/lib/gcc/sh4aeb-elf/13.2.0/../../../../sh4aeb-elf/lib/libc.a(libc_a-reent.o)
 .debug_abbrev  0x0000000000000000      0x1f1 /toolchain/lib/gcc/sh4aeb-elf/13.2.0/../../../../sh4aeb-elf/lib/libc.a(libc_a-reent.o)
 .debug_loclists
                0x0000000000000000       0x86 /toolchain/lib/gcc/sh4aeb-elf/13.2.0/../../../../sh4aeb-elf/lib/libc.a(libc_a-reent.o)
 .debug_aranges
                0x0000000000000000       0x20 /toolchain/lib/gcc/sh4aeb-elf/13.2.0/../../../../sh4aeb-elf/lib/libc.a(libc_a-reent.o)
 .debug_rnglists
                0x0000000000000000       0x30 /toolchain/lib/gcc/sh4aeb-elf/13.2.0/../../../../sh4aeb-elf/lib/libc.a(libc_a-reent.o)
 .debug_line    0x0000000000000000      0x29e /toolchain/lib/gcc/sh4aeb-elf/13.2.0/../../../../sh4aeb-elf/lib/libc.a(libc_a-reent.o)
 .debug_str     0x0000000000000000      0x4a3 /toolchain/lib/gcc/sh4aeb-elf/13.2.0/../../../../sh4aeb-elf/lib/libc.a(libc_a-reent.o)
 .comment       0x0000000000000000       0x24 /toolchain/lib/gcc/sh4aeb-elf/13.2.0/../../../../sh4aeb-elf/lib/libc.a(libc_a-reent.o)
 .debug_frame   0x0000000000000000       0x64 /toolchain/lib/gcc/sh4aeb-elf/13.2.0/../../../../sh4aeb-elf/lib/libc.a(libc_a-reent.o)
 .text          0x0000000000000000        0x0 /toolchain/lib/gcc/sh4aeb-elf/13.2.0/../../../../sh4aeb-elf/lib/libc.a(libc_a-impure.o)
 .data          0x0000000000000000        0x0 /toolchain/lib/gcc/sh4aeb-elf/13.2.0/../../../../sh4aeb-elf/lib/libc.a(libc_a-impure.o)
 .bss           0x0000000000000000        0x0 /toolchain/lib/gcc/sh4aeb-elf/13.2.0/../../../../sh4aeb-elf/lib/libc.a(libc_a-impure.o)
 .data._impure_ptr
                0x0000000000000000        0x4 /toolchain/lib/gcc/sh4aeb-elf/13.2.0/../../../../sh4aeb-elf/lib/libc.a(libc_a-impure.o)
 .data._impure_data
                0x0000000000000000       0x4c /toolchain/lib/gcc/sh4aeb-elf/13.2.0/../../../../sh4aeb-elf/lib/libc.a(libc_a-impure.o)
 .debug_info    0x0000000000000000      0x6e6 /toolchain/lib/gcc/sh4aeb-elf/13.2.0/../../../../sh4aeb-elf/lib/libc.a(libc_a-impure.o)
 .debug_abbrev  0x0000000000000000      0x149 /toolchain/lib/gcc/sh4aeb-elf/13.2.0/../../../../sh4aeb-elf/lib/libc.a(libc_a-impure.o)
 .debug_aranges
                0x0000000000000000       0x18 /toolchain/lib/gcc/sh4aeb-elf/13.2.0/../../../../sh4aeb-elf/lib/libc.a(libc_a-impure.o)
 .debug_line    0x0000000000000000      0x122 /toolchain/lib/gcc/sh4aeb-elf/13.2.0/../../../../sh4aeb-elf/lib/libc.a(libc_a-impure.o)
 .debug_str     0x0000000000000000      0x484 /toolchain/lib/gcc/sh4aeb-elf/13.2.0/../../../../sh4aeb-elf/lib/libc.a(libc_a-impure.o)
 .comment       0x0000000000000000       0x24 /toolchain/lib/gcc/sh4aeb-elf/13.2.0/../../../../sh4aeb-elf/lib/libc.a(libc_a-impure.o)
 .text          0x0000000000000000        0x0 /toolchain/lib/gcc/sh4aeb-elf/13.2.0/../../../../sh4aeb-elf/lib/libc.a(libc_a-lseekr.o)
 .data          0x0000000000000000        0x0 /toolchain/lib/gcc/sh4aeb-elf/13.2.0/../../../../sh4aeb-elf/lib/libc.a(libc_a-lseekr.o)
 .bss           0x0000000000000000        0x0 /toolchain/lib/gcc/sh4aeb-elf/13.2.0/../../../../sh4aeb-elf/lib/libc.a(libc_a-lseekr.o)
 .text._lseek_r
                0x0000000000000000       0x34 /toolchain/lib/gcc/sh4aeb-elf/13.2.0/../../../../sh4aeb-elf/lib/libc.a(libc_a-lseekr.o)
 .debug_info    0x0000000000000000      0x763 /toolchain/lib/gcc/sh4aeb-elf/13.2.0/../../../../sh4aeb-elf/lib/libc.a(libc_a-lseekr.o)
 .debug_abbrev  0x0000000000000000      0x1bb /toolchain/lib/gcc/sh4aeb-elf/13.2.0/../../../../sh4aeb-elf/lib/libc.a(libc_a-lseekr.o)
 .debug_loclists
                0x0000000000000000       0x7f /toolchain/lib/gcc/sh4aeb-elf/13.2.0/../../../../sh4aeb-elf/lib/libc.a(libc_a-lseekr.o)
 .debug_aranges
                0x0000000000000000       0x20 /toolchain/lib/gcc/sh4aeb-elf/13.2.0/../../../../sh4aeb-elf/lib/libc.a(libc_a-lseekr.o)
 .debug_rnglists
                0x0000000000000000       0x13 /toolchain/lib/gcc/sh4aeb-elf/13.2.0/../../../../sh4aeb-elf/lib/libc.a(libc_a-lseekr.o)
 .debug_line    0x0000000000000000      0x1d3 /toolchain/lib/gcc/sh4aeb-elf/13.2.0/../../../../sh4aeb-elf/lib/libc.a(libc_a-lseekr.o)
 .debug_str     0x0000000000000000      0x488 /toolchain/lib/gcc/sh4aeb-elf/13.2.0/../../../../sh4aeb-elf/lib/libc.a(libc_a-lseekr.o)
 .comment       0x0000000000000000       0x24 /toolchain/lib/gcc/sh4aeb-elf/13.2.0/../../../../sh4aeb-elf/lib/libc.a(libc_a-lseekr.o)
 .debug_frame   0x0000000000000000       0x3c /toolchain/lib/gcc/sh4aeb-elf/13.2.0/../../../../sh4aeb-elf/lib/libc.a(libc_a-lseekr.o)
 .text          0x0000000000000000        0x0 /toolchain/lib/gcc/sh4aeb-elf/13.2.0/../../../../sh4aeb-elf/lib/libc.a(libc_a-readr.o)
 .data          0x0000000000000000        0x0 /toolchain/lib/gcc/sh4aeb-elf/13.2.0/../../../../sh4aeb-elf/lib/libc.a(libc_a-readr.o)
 .bss           0x0000000000000000        0x0 /toolchain/lib/gcc/sh4aeb-elf/13.2.0/../../../../sh4aeb-elf/lib/libc.a(libc_a-readr.o)
 .text._read_r  0x0000000000000000       0x34 /toolchain/lib/gcc/sh4aeb-elf/13.2.0/../../../../sh4aeb-elf/lib/libc.a(libc_a-readr.o)
 .debug_info    0x0000000000000000      0x77a /toolchain/lib/gcc/sh4aeb-elf/13.2.0/../../../../sh4aeb-elf/lib/libc.a(libc_a-readr.o)
 .debug_abbrev  0x0000000000000000      0x1aa /toolchain/lib/gcc/sh4aeb-elf/13.2.0/../../../../sh4aeb-elf/lib/libc.a(libc_a-readr.o)
 .debug_loclists
                0x0000000000000000       0x7f /toolchain/lib/gcc/sh4aeb-elf/13.2.0/../../../../sh4aeb-elf/lib/libc.a(libc_a-readr.o)
 .debug_aranges
                0x0000000000000000       0x20 /toolchain/lib/gcc/sh4aeb-elf/13.2.0/../../../../sh4aeb-elf/lib/libc.a(libc_a-readr.o)
 .debug_rnglists
                0x0000000000000000       0x13 /toolchain/lib/gcc/sh4aeb-elf/13.2.0/../../../../sh4aeb-elf/lib/libc.a(libc_a-readr.o)
 .debug_line    0x0000000000000000      0x1d2 /toolchain/lib/gcc/sh4aeb-elf/13.2.0/../../../../sh4aeb-elf/lib/libc.a(libc_a-readr.o)
 .debug_str     0x0000000000000000      0x488 /toolchain/lib/gcc/sh4aeb-elf/13.2.0/../../../../sh4aeb-elf/lib/libc.a(libc_a-readr.o)
 .comment       0x0000000000000000       0x24 /toolchain/lib/gcc/sh4aeb-elf/13.2.0/../../../../sh4aeb-elf/lib/libc.a(libc_a-readr.o)
 .debug_frame   0x0000000000000000       0x3c /toolchain/lib/gcc/sh4aeb-elf/13.2.0/../../../../sh4aeb-elf/lib/libc.a(libc_a-readr.o)
 .text          0x0000000000000000        0x0 /toolchain/lib/gcc/sh4aeb-elf/13.2.0/../../../../sh4aeb-elf/lib/libc.a(libc_a-writer.o)
 .data          0x0000000000000000        0x0 /toolchain/lib/gcc/sh4aeb-elf/13.2.0/../../../../sh4aeb-elf/lib/libc.a(libc_a-writer.o)
 .bss           0x0000000000000000        0x0 /toolchain/lib/gcc/sh4aeb-elf/13.2.0/../../../../sh4aeb-elf/lib/libc.a(libc_a-writer.o)
 .text._write_r
                0x0000000000000000       0x34 /toolchain/lib/gcc/sh4aeb-elf/13.2.0/../../../../sh4aeb-elf/lib/libc.a(libc_a-writer.o)
 .debug_info    0x0000000000000000      0x780 /toolchain/lib/gcc/sh4aeb-elf/13.2.0/../../../../sh4aeb-elf/lib/libc.a(libc_a-writer.o)
 .debug_abbrev  0x0000000000000000      0x1af /toolchain/lib/gcc/sh4aeb-elf/13.2.0/../../../../sh4aeb-elf/lib/libc.a(libc_a-writer.o)
 .debug_loclists
                0x0000000000000000       0x7f /toolchain/lib/gcc/sh4aeb-elf/13.2.0/../../../../sh4aeb-elf/lib/libc.a(libc_a-writer.o)
 .debug_aranges
                0x0000000000000000       0x20 /toolchain/lib/gcc/sh4aeb-elf/13.2.0/../../../../sh4aeb-elf/lib/libc.a(libc_a-writer.o)
 .debug_rnglists
                0x0000000000000000       0x13 /toolchain/lib/gcc/sh4aeb-elf/13.2.0/../../../../sh4aeb-elf/lib/libc.a(libc_a-writer.o)
 .debug_line    0x0000000000000000      0x1d3 /toolchain/lib/gcc/sh4aeb-elf/13.2.0/../../../../sh4aeb-elf/lib/libc.a(libc_a-writer.o)
 .debug_str     0x0000000000000000      0x48a /toolchain/lib/gcc/sh4aeb-elf/13.2.0/../../../../sh4aeb-elf/lib/libc.a(libc_a-writer.o)
 .comment       0x0000000000000000       0x24 /toolchain/lib/gcc/sh4aeb-elf/13.2.0/../../../../sh4aeb-elf/lib/libc.a(libc_a-writer.o)
 .debug_frame   0x0000000000000000       0x3c /toolchain/lib/gcc/sh4aeb-elf/13.2.0/../../../../sh4aeb-elf/lib/libc.a(libc_a-writer.o)
 .text          0x0000000000000000        0x0 /toolchain/lib/gcc/sh4aeb-elf/13.2.0/../../../../sh4aeb-elf/lib/libc.a(libc_a-syscalls.o)
 .data          0x0000000000000000        0x0 /toolchain/lib/gcc/sh4aeb-elf/13.2.0/../../../../sh4aeb-elf/lib/libc.a(libc_a-syscalls.o)
 .bss           0x0000000000000000        0x0 /toolchain/lib/gcc/sh4aeb-elf/13.2.0/../../../../sh4aeb-elf/lib/libc.a(libc_a-syscalls.o)
 .text.statDateYear
                0x0000000000000000        0xe /toolchain/lib/gcc/sh4aeb-elf/13.2.0/../../../../sh4aeb-elf/lib/libc.a(libc_a-syscalls.o)
 .text.statDateMonth
                0x0000000000000000        0xa /toolchain/lib/gcc/sh4aeb-elf/13.2.0/../../../../sh4aeb-elf/lib/libc.a(libc_a-syscalls.o)
 .text.statDateDay
                0x0000000000000000        0x6 /toolchain/lib/gcc/sh4aeb-elf/13.2.0/../../../../sh4aeb-elf/lib/libc.a(libc_a-syscalls.o)
 .text.statTimeHour
                0x0000000000000000        0x8 /toolchain/lib/gcc/sh4aeb-elf/13.2.0/../../../../sh4aeb-elf/lib/libc.a(libc_a-syscalls.o)
 .text.statTimeMinute
                0x0000000000000000        0xa /toolchain/lib/gcc/sh4aeb-elf/13.2.0/../../../../sh4aeb-elf/lib/libc.a(libc_a-syscalls.o)
 .text.statTimeSecond
                0x0000000000000000        0x8 /toolchain/lib/gcc/sh4aeb-elf/13.2.0/../../../../sh4aeb-elf/lib/libc.a(libc_a-syscalls.o)
 .text.debug_print_char
                0x0000000000000000       0xbc /toolchain/lib/gcc/sh4aeb-elf/13.2.0/../../../../sh4aeb-elf/lib/libc.a(libc_a-syscalls.o)
 .text.debug_print_line
                0x0000000000000000       0x5c /toolchain/lib/gcc/sh4aeb-elf/13.2.0/../../../../sh4aeb-elf/lib/libc.a(libc_a-syscalls.o)
 .text.debug_print_all
                0x0000000000000000       0x78 /toolchain/lib/gcc/sh4aeb-elf/13.2.0/../../../../sh4aeb-elf/lib/libc.a(libc_a-syscalls.o)
 .text.debug_cursor_inc
                0x0000000000000000       0x60 /toolchain/lib/gcc/sh4aeb-elf/13.2.0/../../../../sh4aeb-elf/lib/libc.a(libc_a-syscalls.o)
 .text.debug_cursor_dec
                0x0000000000000000       0x54 /toolchain/lib/gcc/sh4aeb-elf/13.2.0/../../../../sh4aeb-elf/lib/libc.a(libc_a-syscalls.o)
 .text.debug_add_string
                0x0000000000000000       0x7c /toolchain/lib/gcc/sh4aeb-elf/13.2.0/../../../../sh4aeb-elf/lib/libc.a(libc_a-syscalls.o)
 .text.cas_error_to_errno
                0x0000000000000000       0x38 /toolchain/lib/gcc/sh4aeb-elf/13.2.0/../../../../sh4aeb-elf/lib/libc.a(libc_a-syscalls.o)
 .text.flags_to_cas_flags
                0x0000000000000000        0x8 /toolchain/lib/gcc/sh4aeb-elf/13.2.0/../../../../sh4aeb-elf/lib/libc.a(libc_a-syscalls.o)
 .text.cas_stat_to_stat
                0x0000000000000000       0x24 /toolchain/lib/gcc/sh4aeb-elf/13.2.0/../../../../sh4aeb-elf/lib/libc.a(libc_a-syscalls.o)
 .text.mkdir    0x0000000000000000       0x18 /toolchain/lib/gcc/sh4aeb-elf/13.2.0/../../../../sh4aeb-elf/lib/libc.a(libc_a-syscalls.o)
 .text._read    0x0000000000000000       0x28 /toolchain/lib/gcc/sh4aeb-elf/13.2.0/../../../../sh4aeb-elf/lib/libc.a(libc_a-syscalls.o)
 .text._lseek   0x0000000000000000       0x18 /toolchain/lib/gcc/sh4aeb-elf/13.2.0/../../../../sh4aeb-elf/lib/libc.a(libc_a-syscalls.o)
 .text._write   0x0000000000000000       0x54 /toolchain/lib/gcc/sh4aeb-elf/13.2.0/../../../../sh4aeb-elf/lib/libc.a(libc_a-syscalls.o)
 .text._open    0x0000000000000000       0x24 /toolchain/lib/gcc/sh4aeb-elf/13.2.0/../../../../sh4aeb-elf/lib/libc.a(libc_a-syscalls.o)
 .text._close   0x0000000000000000       0x28 /toolchain/lib/gcc/sh4aeb-elf/13.2.0/../../../../sh4aeb-elf/lib/libc.a(libc_a-syscalls.o)
 .text.access   0x0000000000000000       0x24 /toolchain/lib/gcc/sh4aeb-elf/13.2.0/../../../../sh4aeb-elf/lib/libc.a(libc_a-syscalls.o)
 .text._creat   0x0000000000000000       0x1c /toolchain/lib/gcc/sh4aeb-elf/13.2.0/../../../../sh4aeb-elf/lib/libc.a(libc_a-syscalls.o)
 .text._isatty  0x0000000000000000        0x4 /toolchain/lib/gcc/sh4aeb-elf/13.2.0/../../../../sh4aeb-elf/lib/libc.a(libc_a-syscalls.o)
 .text._fstat   0x0000000000000000       0x44 /toolchain/lib/gcc/sh4aeb-elf/13.2.0/../../../../sh4aeb-elf/lib/libc.a(libc_a-syscalls.o)
 .text._stat    0x0000000000000000       0x44 /toolchain/lib/gcc/sh4aeb-elf/13.2.0/../../../../sh4aeb-elf/lib/libc.a(libc_a-syscalls.o)
 .text._link    0x0000000000000000       0x18 /toolchain/lib/gcc/sh4aeb-elf/13.2.0/../../../../sh4aeb-elf/lib/libc.a(libc_a-syscalls.o)
 .text._unlink  0x0000000000000000       0x18 /toolchain/lib/gcc/sh4aeb-elf/13.2.0/../../../../sh4aeb-elf/lib/libc.a(libc_a-syscalls.o)
 .text._sbrk    0x0000000000000000       0x18 /toolchain/lib/gcc/sh4aeb-elf/13.2.0/../../../../sh4aeb-elf/lib/libc.a(libc_a-syscalls.o)
 .text._kill    0x0000000000000000       0x18 /toolchain/lib/gcc/sh4aeb-elf/13.2.0/../../../../sh4aeb-elf/lib/libc.a(libc_a-syscalls.o)
 .text._getpid  0x0000000000000000        0x4 /toolchain/lib/gcc/sh4aeb-elf/13.2.0/../../../../sh4aeb-elf/lib/libc.a(libc_a-syscalls.o)
 .text._raise   0x0000000000000000        0x4 /toolchain/lib/gcc/sh4aeb-elf/13.2.0/../../../../sh4aeb-elf/lib/libc.a(libc_a-syscalls.o)
 .text._chmod   0x0000000000000000       0x18 /toolchain/lib/gcc/sh4aeb-elf/13.2.0/../../../../sh4aeb-elf/lib/libc.a(libc_a-syscalls.o)
 .text._chown   0x0000000000000000       0x18 /toolchain/lib/gcc/sh4aeb-elf/13.2.0/../../../../sh4aeb-elf/lib/libc.a(libc_a-syscalls.o)
 .text._utime   0x0000000000000000       0x18 /toolchain/lib/gcc/sh4aeb-elf/13.2.0/../../../../sh4aeb-elf/lib/libc.a(libc_a-syscalls.o)
 .text._fork    0x0000000000000000        0xc /toolchain/lib/gcc/sh4aeb-elf/13.2.0/../../../../sh4aeb-elf/lib/libc.a(libc_a-syscalls.o)
 .text._wait    0x0000000000000000       0x18 /toolchain/lib/gcc/sh4aeb-elf/13.2.0/../../../../sh4aeb-elf/lib/libc.a(libc_a-syscalls.o)
 .text._execve  0x0000000000000000       0x18 /toolchain/lib/gcc/sh4aeb-elf/13.2.0/../../../../sh4aeb-elf/lib/libc.a(libc_a-syscalls.o)
 .text._execv   0x0000000000000000       0x18 /toolchain/lib/gcc/sh4aeb-elf/13.2.0/../../../../sh4aeb-elf/lib/libc.a(libc_a-syscalls.o)
 .text._pipe    0x0000000000000000       0x18 /toolchain/lib/gcc/sh4aeb-elf/13.2.0/../../../../sh4aeb-elf/lib/libc.a(libc_a-syscalls.o)
 .text._times   0x0000000000000000       0x18 /toolchain/lib/gcc/sh4aeb-elf/13.2.0/../../../../sh4aeb-elf/lib/libc.a(libc_a-syscalls.o)
 .text._gettimeofday
                0x0000000000000000       0x54 /toolchain/lib/gcc/sh4aeb-elf/13.2.0/../../../../sh4aeb-elf/lib/libc.a(libc_a-syscalls.o)
 .text.usleep   0x0000000000000000       0x38 /toolchain/lib/gcc/sh4aeb-elf/13.2.0/../../../../sh4aeb-elf/lib/libc.a(libc_a-syscalls.o)
 .rodata.CSWTCH.52
                0x0000000000000000       0x28 /toolchain/lib/gcc/sh4aeb-elf/13.2.0/../../../../sh4aeb-elf/lib/libc.a(libc_a-syscalls.o)
 .bss.debug_lines
                0x0000000000000000      0x5c8 /toolchain/lib/gcc/sh4aeb-elf/13.2.0/../../../../sh4aeb-elf/lib/libc.a(libc_a-syscalls.o)
 .text          0x0000000000000000        0x0 /toolchain/lib/gcc/sh4aeb-elf/13.2.0/../../../../sh4aeb-elf/lib/libc.a(libc_a-cas_file.o)
 .data          0x0000000000000000        0x0 /toolchain/lib/gcc/sh4aeb-elf/13.2.0/../../../../sh4aeb-elf/lib/libc.a(libc_a-cas_file.o)
 .bss           0x0000000000000000        0x0 /toolchain/lib/gcc/sh4aeb-elf/13.2.0/../../../../sh4aeb-elf/lib/libc.a(libc_a-cas_file.o)
 .text          0x0000000000000000       0x40 /toolchain/lib/gcc/sh4aeb-elf/13.2.0/../../../../sh4aeb-elf/lib/libc.a(libc_a-memset.o)
 .data          0x0000000000000000        0x0 /toolchain/lib/gcc/sh4aeb-elf/13.2.0/../../../../sh4aeb-elf/lib/libc.a(libc_a-memset.o)
 .bss           0x0000000000000000        0x0 /toolchain/lib/gcc/sh4aeb-elf/13.2.0/../../../../sh4aeb-elf/lib/libc.a(libc_a-memset.o)
 .text          0x0000000000000000        0x0 /toolchain/lib/gcc/sh4aeb-elf/13.2.0/../../../../sh4aeb-elf/lib/libc.a(libc_a-malloc_r.o)
 .data          0x0000000000000000        0x0 /toolchain/lib/gcc/sh4aeb-elf/13.2.0/../../../../sh4aeb-elf/lib/libc.a(libc_a-malloc_r.o)
 .bss           0x0000000000000000        0x0 /toolchain/lib/gcc/sh4aeb-elf/13.2.0/../../../../sh4aeb-elf/lib/libc.a(libc_a-malloc_r.o)
 .text._malloc_r
                0x0000000000000000        0xc /toolchain/lib/gcc/sh4aeb-elf/13.2.0/../../../../sh4aeb-elf/lib/libc.a(libc_a-malloc_r.o)
 .text._free_r  0x0000000000000000        0xc /toolchain/lib/gcc/sh4aeb-elf/13.2.0/../../../../sh4aeb-elf/lib/libc.a(libc_a-malloc_r.o)
 .text._calloc_r
                0x0000000000000000       0x24 /toolchain/lib/gcc/sh4aeb-elf/13.2.0/../../../../sh4aeb-elf/lib/libc.a(libc_a-malloc_r.o)
 .text.calloc   0x0000000000000000       0x14 /toolchain/lib/gcc/sh4aeb-elf/13.2.0/../../../../sh4aeb-elf/lib/libc.a(libc_a-malloc_r.o)
 .text._realloc_r
                0x0000000000000000       0x4c /toolchain/lib/gcc/sh4aeb-elf/13.2.0/../../../../sh4aeb-elf/lib/libc.a(libc_a-malloc_r.o)
 .text.realloc  0x0000000000000000       0x14 /toolchain/lib/gcc/sh4aeb-elf/13.2.0/../../../../sh4aeb-elf/lib/libc.a(libc_a-malloc_r.o)
 .debug_info    0x0000000000000000      0xa04 /toolchain/lib/gcc/sh4aeb-elf/13.2.0/../../../../sh4aeb-elf/lib/libc.a(libc_a-malloc_r.o)
 .debug_abbrev  0x0000000000000000      0x27a /toolchain/lib/gcc/sh4aeb-elf/13.2.0/../../../../sh4aeb-elf/lib/libc.a(libc_a-malloc_r.o)
 .debug_loclists
                0x0000000000000000      0x1f7 /toolchain/lib/gcc/sh4aeb-elf/13.2.0/../../../../sh4aeb-elf/lib/libc.a(libc_a-malloc_r.o)
 .debug_aranges
                0x0000000000000000       0x48 /toolchain/lib/gcc/sh4aeb-elf/13.2.0/../../../../sh4aeb-elf/lib/libc.a(libc_a-malloc_r.o)
 .debug_rnglists
                0x0000000000000000       0x3d /toolchain/lib/gcc/sh4aeb-elf/13.2.0/../../../../sh4aeb-elf/lib/libc.a(libc_a-malloc_r.o)
 .debug_line    0x0000000000000000      0x272 /toolchain/lib/gcc/sh4aeb-elf/13.2.0/../../../../sh4aeb-elf/lib/libc.a(libc_a-malloc_r.o)
 .debug_str     0x0000000000000000      0x4f0 /toolchain/lib/gcc/sh4aeb-elf/13.2.0/../../../../sh4aeb-elf/lib/libc.a(libc_a-malloc_r.o)
 .comment       0x0000000000000000       0x24 /toolchain/lib/gcc/sh4aeb-elf/13.2.0/../../../../sh4aeb-elf/lib/libc.a(libc_a-malloc_r.o)
 .debug_frame   0x0000000000000000       0xa8 /toolchain/lib/gcc/sh4aeb-elf/13.2.0/../../../../sh4aeb-elf/lib/libc.a(libc_a-malloc_r.o)
 .text          0x0000000000000000        0x0 /toolchain/lib/gcc/sh4aeb-elf/13.2.0/../../../../sh4aeb-elf/lib/libc.a(libc_a-__atexit.o)
 .data          0x0000000000000000        0x0 /toolchain/lib/gcc/sh4aeb-elf/13.2.0/../../../../sh4aeb-elf/lib/libc.a(libc_a-__atexit.o)
 .bss           0x0000000000000000        0x0 /toolchain/lib/gcc/sh4aeb-elf/13.2.0/../../../../sh4aeb-elf/lib/libc.a(libc_a-__atexit.o)
 .text.__register_exitproc
                0x0000000000000000       0xe0 /toolchain/lib/gcc/sh4aeb-elf/13.2.0/../../../../sh4aeb-elf/lib/libc.a(libc_a-__atexit.o)
 .bss.__atexit0
                0x0000000000000000       0x8c /toolchain/lib/gcc/sh4aeb-elf/13.2.0/../../../../sh4aeb-elf/lib/libc.a(libc_a-__atexit.o)
 .debug_info    0x0000000000000000      0x251 /toolchain/lib/gcc/sh4aeb-elf/13.2.0/../../../../sh4aeb-elf/lib/libc.a(libc_a-__atexit.o)
 .debug_abbrev  0x0000000000000000      0x1a6 /toolchain/lib/gcc/sh4aeb-elf/13.2.0/../../../../sh4aeb-elf/lib/libc.a(libc_a-__atexit.o)
 .debug_loclists
                0x0000000000000000       0xf5 /toolchain/lib/gcc/sh4aeb-elf/13.2.0/../../../../sh4aeb-elf/lib/libc.a(libc_a-__atexit.o)
 .debug_aranges
                0x0000000000000000       0x20 /toolchain/lib/gcc/sh4aeb-elf/13.2.0/../../../../sh4aeb-elf/lib/libc.a(libc_a-__atexit.o)
 .debug_rnglists
                0x0000000000000000       0x14 /toolchain/lib/gcc/sh4aeb-elf/13.2.0/../../../../sh4aeb-elf/lib/libc.a(libc_a-__atexit.o)
 .debug_line    0x0000000000000000      0x29a /toolchain/lib/gcc/sh4aeb-elf/13.2.0/../../../../sh4aeb-elf/lib/libc.a(libc_a-__atexit.o)
 .debug_str     0x0000000000000000      0x259 /toolchain/lib/gcc/sh4aeb-elf/13.2.0/../../../../sh4aeb-elf/lib/libc.a(libc_a-__atexit.o)
 .comment       0x0000000000000000       0x24 /toolchain/lib/gcc/sh4aeb-elf/13.2.0/../../../../sh4aeb-elf/lib/libc.a(libc_a-__atexit.o)
 .debug_frame   0x0000000000000000       0x64 /toolchain/lib/gcc/sh4aeb-elf/13.2.0/../../../../sh4aeb-elf/lib/libc.a(libc_a-__atexit.o)
 .text          0x0000000000000000        0x0 /toolchain/lib/gcc/sh4aeb-elf/13.2.0/../../../../sh4aeb-elf/lib/libc.a(libc_a-__call_atexit.o)
 .data          0x0000000000000000        0x0 /toolchain/lib/gcc/sh4aeb-elf/13.2.0/../../../../sh4aeb-elf/lib/libc.a(libc_a-__call_atexit.o)
 .bss           0x0000000000000000        0x0 /toolchain/lib/gcc/sh4aeb-elf/13.2.0/../../../../sh4aeb-elf/lib/libc.a(libc_a-__call_atexit.o)
 .text.startup.register_fini
                0x0000000000000000       0x20 /toolchain/lib/gcc/sh4aeb-elf/13.2.0/../../../../sh4aeb-elf/lib/libc.a(libc_a-__call_atexit.o)
 .ctors.65535   0x0000000000000000        0x4 /toolchain/lib/gcc/sh4aeb-elf/13.2.0/../../../../sh4aeb-elf/lib/libc.a(libc_a-__call_atexit.o)
 .text          0x0000000000000000        0x0 /toolchain/lib/gcc/sh4aeb-elf/13.2.0/../../../../sh4aeb-elf/lib/libc.a(libc_a-fclose.o)
 .data          0x0000000000000000        0x0 /toolchain/lib/gcc/sh4aeb-elf/13.2.0/../../../../sh4aeb-elf/lib/libc.a(libc_a-fclose.o)
 .bss           0x0000000000000000        0x0 /toolchain/lib/gcc/sh4aeb-elf/13.2.0/../../../../sh4aeb-elf/lib/libc.a(libc_a-fclose.o)
 .text._fclose_r
                0x0000000000000000       0xa4 /toolchain/lib/gcc/sh4aeb-elf/13.2.0/../../../../sh4aeb-elf/lib/libc.a(libc_a-fclose.o)
 .text.fclose   0x0000000000000000       0x14 /toolchain/lib/gcc/sh4aeb-elf/13.2.0/../../../../sh4aeb-elf/lib/libc.a(libc_a-fclose.o)
 .debug_info    0x0000000000000000      0x86b /toolchain/lib/gcc/sh4aeb-elf/13.2.0/../../../../sh4aeb-elf/lib/libc.a(libc_a-fclose.o)
 .debug_abbrev  0x0000000000000000      0x282 /toolchain/lib/gcc/sh4aeb-elf/13.2.0/../../../../sh4aeb-elf/lib/libc.a(libc_a-fclose.o)
 .debug_loclists
                0x0000000000000000       0xaf /toolchain/lib/gcc/sh4aeb-elf/13.2.0/../../../../sh4aeb-elf/lib/libc.a(libc_a-fclose.o)
 .debug_aranges
                0x0000000000000000       0x28 /toolchain/lib/gcc/sh4aeb-elf/13.2.0/../../../../sh4aeb-elf/lib/libc.a(libc_a-fclose.o)
 .debug_rnglists
                0x0000000000000000       0x1a /toolchain/lib/gcc/sh4aeb-elf/13.2.0/../../../../sh4aeb-elf/lib/libc.a(libc_a-fclose.o)
 .debug_line    0x0000000000000000      0x27b /toolchain/lib/gcc/sh4aeb-elf/13.2.0/../../../../sh4aeb-elf/lib/libc.a(libc_a-fclose.o)
 .debug_str     0x0000000000000000      0x4bd /toolchain/lib/gcc/sh4aeb-elf/13.2.0/../../../../sh4aeb-elf/lib/libc.a(libc_a-fclose.o)
 .comment       0x0000000000000000       0x24 /toolchain/lib/gcc/sh4aeb-elf/13.2.0/../../../../sh4aeb-elf/lib/libc.a(libc_a-fclose.o)
 .debug_frame   0x0000000000000000       0x60 /toolchain/lib/gcc/sh4aeb-elf/13.2.0/../../../../sh4aeb-elf/lib/libc.a(libc_a-fclose.o)
 .text          0x0000000000000000        0x0 /toolchain/lib/gcc/sh4aeb-elf/13.2.0/../../../../sh4aeb-elf/lib/libc.a(libc_a-fflush.o)
 .data          0x0000000000000000        0x0 /toolchain/lib/gcc/sh4aeb-elf/13.2.0/../../../../sh4aeb-elf/lib/libc.a(libc_a-fflush.o)
 .bss           0x0000000000000000        0x0 /toolchain/lib/gcc/sh4aeb-elf/13.2.0/../../../../sh4aeb-elf/lib/libc.a(libc_a-fflush.o)
 .text.__sflush_r
                0x0000000000000000      0x144 /toolchain/lib/gcc/sh4aeb-elf/13.2.0/../../../../sh4aeb-elf/lib/libc.a(libc_a-fflush.o)
 .text._fflush_r
                0x0000000000000000       0x48 /toolchain/lib/gcc/sh4aeb-elf/13.2.0/../../../../sh4aeb-elf/lib/libc.a(libc_a-fflush.o)
 .text.fflush   0x0000000000000000       0x30 /toolchain/lib/gcc/sh4aeb-elf/13.2.0/../../../../sh4aeb-elf/lib/libc.a(libc_a-fflush.o)
 .debug_info    0x0000000000000000      0x95b /toolchain/lib/gcc/sh4aeb-elf/13.2.0/../../../../sh4aeb-elf/lib/libc.a(libc_a-fflush.o)
 .debug_abbrev  0x0000000000000000      0x2a8 /toolchain/lib/gcc/sh4aeb-elf/13.2.0/../../../../sh4aeb-elf/lib/libc.a(libc_a-fflush.o)
 .debug_loclists
                0x0000000000000000      0x1e0 /toolchain/lib/gcc/sh4aeb-elf/13.2.0/../../../../sh4aeb-elf/lib/libc.a(libc_a-fflush.o)
 .debug_aranges
                0x0000000000000000       0x30 /toolchain/lib/gcc/sh4aeb-elf/13.2.0/../../../../sh4aeb-elf/lib/libc.a(libc_a-fflush.o)
 .debug_rnglists
                0x0000000000000000       0x40 /toolchain/lib/gcc/sh4aeb-elf/13.2.0/../../../../sh4aeb-elf/lib/libc.a(libc_a-fflush.o)
 .debug_line    0x0000000000000000      0x3c2 /toolchain/lib/gcc/sh4aeb-elf/13.2.0/../../../../sh4aeb-elf/lib/libc.a(libc_a-fflush.o)
 .debug_str     0x0000000000000000      0x50b /toolchain/lib/gcc/sh4aeb-elf/13.2.0/../../../../sh4aeb-elf/lib/libc.a(libc_a-fflush.o)
 .comment       0x0000000000000000       0x24 /toolchain/lib/gcc/sh4aeb-elf/13.2.0/../../../../sh4aeb-elf/lib/libc.a(libc_a-fflush.o)
 .debug_frame   0x0000000000000000       0x9c /toolchain/lib/gcc/sh4aeb-elf/13.2.0/../../../../sh4aeb-elf/lib/libc.a(libc_a-fflush.o)
 .text          0x0000000000000000        0x0 /toolchain/lib/gcc/sh4aeb-elf/13.2.0/../../../../sh4aeb-elf/lib/libc.a(libc_a-errno.o)
 .data          0x0000000000000000        0x0 /toolchain/lib/gcc/sh4aeb-elf/13.2.0/../../../../sh4aeb-elf/lib/libc.a(libc_a-errno.o)
 .bss           0x0000000000000000        0x0 /toolchain/lib/gcc/sh4aeb-elf/13.2.0/../../../../sh4aeb-elf/lib/libc.a(libc_a-errno.o)
 .text.__errno  0x0000000000000000        0xc /toolchain/lib/gcc/sh4aeb-elf/13.2.0/../../../../sh4aeb-elf/lib/libc.a(libc_a-errno.o)
 .debug_info    0x0000000000000000      0x6cc /toolchain/lib/gcc/sh4aeb-elf/13.2.0/../../../../sh4aeb-elf/lib/libc.a(libc_a-errno.o)
 .debug_abbrev  0x0000000000000000      0x15e /toolchain/lib/gcc/sh4aeb-elf/13.2.0/../../../../sh4aeb-elf/lib/libc.a(libc_a-errno.o)
 .debug_aranges
                0x0000000000000000       0x20 /toolchain/lib/gcc/sh4aeb-elf/13.2.0/../../../../sh4aeb-elf/lib/libc.a(libc_a-errno.o)
 .debug_rnglists
                0x0000000000000000       0x13 /toolchain/lib/gcc/sh4aeb-elf/13.2.0/../../../../sh4aeb-elf/lib/libc.a(libc_a-errno.o)
 .debug_line    0x0000000000000000      0x147 /toolchain/lib/gcc/sh4aeb-elf/13.2.0/../../../../sh4aeb-elf/lib/libc.a(libc_a-errno.o)
 .debug_str     0x0000000000000000      0x47e /toolchain/lib/gcc/sh4aeb-elf/13.2.0/../../../../sh4aeb-elf/lib/libc.a(libc_a-errno.o)
 .comment       0x0000000000000000       0x24 /toolchain/lib/gcc/sh4aeb-elf/13.2.0/../../../../sh4aeb-elf/lib/libc.a(libc_a-errno.o)
 .debug_frame   0x0000000000000000       0x20 /toolchain/lib/gcc/sh4aeb-elf/13.2.0/../../../../sh4aeb-elf/lib/libc.a(libc_a-errno.o)
 .text          0x0000000000000000        0x0 /toolchain/lib/gcc/sh4aeb-elf/13.2.0/../../../../sh4aeb-elf/lib/libc.a(libc_a-fini.o)
 .data          0x0000000000000000        0x0 /toolchain/lib/gcc/sh4aeb-elf/13.2.0/../../../../sh4aeb-elf/lib/libc.a(libc_a-fini.o)
 .bss           0x0000000000000000        0x0 /toolchain/lib/gcc/sh4aeb-elf/13.2.0/../../../../sh4aeb-elf/lib/libc.a(libc_a-fini.o)
 .text.__libc_fini_array
                0x0000000000000000       0x38 /toolchain/lib/gcc/sh4aeb-elf/13.2.0/../../../../sh4aeb-elf/lib/libc.a(libc_a-fini.o)
 .debug_info    0x0000000000000000       0xeb /toolchain/lib/gcc/sh4aeb-elf/13.2.0/../../../../sh4aeb-elf/lib/libc.a(libc_a-fini.o)
 .debug_abbrev  0x0000000000000000       0xc4 /toolchain/lib/gcc/sh4aeb-elf/13.2.0/../../../../sh4aeb-elf/lib/libc.a(libc_a-fini.o)
 .debug_loclists
                0x0000000000000000       0x28 /toolchain/lib/gcc/sh4aeb-elf/13.2.0/../../../../sh4aeb-elf/lib/libc.a(libc_a-fini.o)
 .debug_aranges
                0x0000000000000000       0x20 /toolchain/lib/gcc/sh4aeb-elf/13.2.0/../../../../sh4aeb-elf/lib/libc.a(libc_a-fini.o)
 .debug_rnglists
                0x0000000000000000       0x13 /toolchain/lib/gcc/sh4aeb-elf/13.2.0/../../../../sh4aeb-elf/lib/libc.a(libc_a-fini.o)
 .debug_line    0x0000000000000000      0x118 /toolchain/lib/gcc/sh4aeb-elf/13.2.0/../../../../sh4aeb-elf/lib/libc.a(libc_a-fini.o)
 .debug_str     0x0000000000000000      0x1b9 /toolchain/lib/gcc/sh4aeb-elf/13.2.0/../../../../sh4aeb-elf/lib/libc.a(libc_a-fini.o)
 .comment       0x0000000000000000       0x24 /toolchain/lib/gcc/sh4aeb-elf/13.2.0/../../../../sh4aeb-elf/lib/libc.a(libc_a-fini.o)
 .debug_frame   0x0000000000000000       0x40 /toolchain/lib/gcc/sh4aeb-elf/13.2.0/../../../../sh4aeb-elf/lib/libc.a(libc_a-fini.o)
 .text          0x0000000000000000       0x94 /toolchain/lib/gcc/sh4aeb-elf/13.2.0/../../../../sh4aeb-elf/lib/libc.a(libc_a-memcpy.o)
 .data          0x0000000000000000        0x0 /toolchain/lib/gcc/sh4aeb-elf/13.2.0/../../../../sh4aeb-elf/lib/libc.a(libc_a-memcpy.o)
 .bss           0x0000000000000000        0x0 /toolchain/lib/gcc/sh4aeb-elf/13.2.0/../../../../sh4aeb-elf/lib/libc.a(libc_a-memcpy.o)
 .text          0x0000000000000000        0x0 /toolchain/lib/gcc/sh4aeb-elf/13.2.0/../../../../sh4aeb-elf/lib/libc.a(libc_a-malloc.o)
 .data          0x0000000000000000        0x0 /toolchain/lib/gcc/sh4aeb-elf/13.2.0/../../../../sh4aeb-elf/lib/libc.a(libc_a-malloc.o)
 .bss           0x0000000000000000        0x0 /toolchain/lib/gcc/sh4aeb-elf/13.2.0/../../../../sh4aeb-elf/lib/libc.a(libc_a-malloc.o)
 .text          0x0000000000000000       0x20 /toolchain/lib/gcc/sh4aeb-elf/13.2.0/crtend.o
 .data          0x0000000000000000        0x0 /toolchain/lib/gcc/sh4aeb-elf/13.2.0/crtend.o
 .bss           0x0000000000000000        0x0 /toolchain/lib/gcc/sh4aeb-elf/13.2.0/crtend.o
 .ctors         0x0000000000000000        0x4 /toolchain/lib/gcc/sh4aeb-elf/13.2.0/crtend.o
 .dtors         0x0000000000000000        0x4 /toolchain/lib/gcc/sh4aeb-elf/13.2.0/crtend.o
 .eh_frame      0x0000000000000000        0x4 /toolchain/lib/gcc/sh4aeb-elf/13.2.0/crtend.o
 .tm_clone_table
                0x0000000000000000        0x0 /toolchain/lib/gcc/sh4aeb-elf/13.2.0/crtend.o
 .init          0x0000000000000000        0xc /toolchain/lib/gcc/sh4aeb-elf/13.2.0/crtend.o
 .comment       0x0000000000000000       0x24 /toolchain/lib/gcc/sh4aeb-elf/13.2.0/crtend.o
 .text          0x0000000000000000        0x0 /toolchain/lib/gcc/sh4aeb-elf/13.2.0/crtn.o
 .data          0x0000000000000000        0x0 /toolchain/lib/gcc/sh4aeb-elf/13.2.0/crtn.o
 .bss           0x0000000000000000        0x0 /toolchain/lib/gcc/sh4aeb-elf/13.2.0/crtn.o
 .init          0x0000000000000000        0xa /toolchain/lib/gcc/sh4aeb-elf/13.2.0/crtn.o
 .fini          0x0000000000000000        0xa /toolchain/lib/gcc/sh4aeb-elf/13.2.0/crtn.o

Memory Configuration

Name             Origin             Length             Attributes
*default*        0x0000000000000000 0xffffffffffffffff

Linker script and memory map

LOAD /toolchain/lib/gcc/sh4aeb-elf/13.2.0/../../../../sh4aeb-elf/lib/crt0.o
LOAD /toolchain/lib/gcc/sh4aeb-elf/13.2.0/crt1.o
LOAD /toolchain/lib/gcc/sh4aeb-elf/13.2.0/crti.o
LOAD /toolchain/lib/gcc/sh4aeb-elf/13.2.0/crtbegin.o
LOAD obj/src/main.o
LOAD /home/dev/tmp//ccQnutJn.ltrans0.ltrans.o
LOAD /sdk/libsdk.a
LOAD /toolchain/lib/gcc/sh4aeb-elf/13.2.0/../../../../sh4aeb-elf/lib/libstdc++.a
LOAD /toolchain/lib/gcc/sh4aeb-elf/13.2.0/../../../../sh4aeb-elf/lib/libm.a
LOAD /toolchain/lib/gcc/sh4aeb-elf/13.2.0/libgcc.a
LOAD /toolchain/lib/gcc/sh4aeb-elf/13.2.0/libgcc-Os-4-200.a
LOAD /toolchain/lib/gcc/sh4aeb-elf/13.2.0/../../../../sh4aeb-elf/lib/libc.a
LOAD /toolchain/lib/gcc/sh4aeb-elf/13.2.0/libgcc.a
LOAD /toolchain/lib/gcc/sh4aeb-elf/13.2.0/libgcc-Os-4-200.a
LOAD /toolchain/lib/gcc/sh4aeb-elf/13.2.0/crtend.o
LOAD /toolchain/lib/gcc/sh4aeb-elf/13.2.0/crtn.o
                0x000000008cfe6000                start_address = 0x8cfe6000
                0x000000008cfe6000                . = start_address

.bootstrap.start
                0x000000008cfe6000       0x10
 *(.bootstrap.start*)
 .bootstrap.start
                0x000000008cfe6000       0x10 /toolchain/lib/gcc/sh4aeb-elf/13.2.0/../../../../sh4aeb-elf/lib/crt0.o
                0x000000008cfe6000                _start
                0x000000008cfe6010                info_address = 0x8cfe6010
                0x000000008cfe6010                . = info_address

.hollyhock_name
                0x000000008cfe6010       0x21
 *(.hollyhock_name)
 .hollyhock_name
                0x000000008cfe6010       0x21 /home/dev/tmp//ccQnutJn.ltrans0.ltrans.o

.hollyhock_description
                0x000000008cfe6034       0x6b
 *(.hollyhock_description)
 .hollyhock_description
                0x000000008cfe6034       0x6b /home/dev/tmp//ccQnutJn.ltrans0.ltrans.o

.hollyhock_author
                0x000000008cfe60a0        0xf
 *(.hollyhock_author)
 .hollyhock_author
                0x000000008cfe60a0        0xf /home/dev/tmp//ccQnutJn.ltrans0.ltrans.o

.hollyhock_version
                0x000000008cfe60b0        0x6
 *(.hollyhock_version)
 .hollyhock_version
                0x000000008cfe60b0        0x6 /home/dev/tmp//ccQnutJn.ltrans0.ltrans.o

.bootstrap      0x000000008cfe60c0       0xe4
 *(.bootstrap.text*)
 .bootstrap.text
                0x000000008cfe60c0       0x70 /toolchain/lib/gcc/sh4aeb-elf/13.2.0/../../../../sh4aeb-elf/lib/crt0.o
                0x000000008cfe60f4                __exit_address
 .bootstrap.text
                0x000000008cfe6130       0x68 /toolchain/lib/gcc/sh4aeb-elf/13.2.0/../../../../sh4aeb-elf/lib/libc.a(libc_a-syscalls.o)
                0x000000008cfe6130                _cas_setup
 *(.bootstrap.data*)
 .bootstrap.data
                0x000000008cfe6198        0xc /toolchain/lib/gcc/sh4aeb-elf/13.2.0/../../../../sh4aeb-elf/lib/libc.a(libc_a-syscalls.o)
                0x000000008cfe6198                _used_rows
                0x000000008cfe619c                _print_row
                0x000000008cfe619d                _print_col
                0x000000008cfe61a0                _counter_underflows

.text           0x000000008cfe61a4      0x158
 *(.text*)
 .text.exit     0x000000008cfe61a4       0x2c /toolchain/lib/gcc/sh4aeb-elf/13.2.0/../../../../sh4aeb-elf/lib/libc.a(libc_a-exit.o)
                0x000000008cfe61a4                _exit
 .text.cas_cleanup
                0x000000008cfe61d0       0x20 /toolchain/lib/gcc/sh4aeb-elf/13.2.0/../../../../sh4aeb-elf/lib/libc.a(libc_a-syscalls.o)
                0x000000008cfe61d0                _cas_cleanup
 .text._exit    0x000000008cfe61f0        0xc /toolchain/lib/gcc/sh4aeb-elf/13.2.0/../../../../sh4aeb-elf/lib/libc.a(libc_a-syscalls.o)
                0x000000008cfe61f0                __exit
 .text.__call_exitprocs
                0x000000008cfe61fc      0x100 /toolchain/lib/gcc/sh4aeb-elf/13.2.0/../../../../sh4aeb-elf/lib/libc.a(libc_a-__call_atexit.o)
                0x000000008cfe61fc                ___call_exitprocs
 *(.rodata*)

.rela.dyn       0x000000008cfe62fc        0x0
 .rela.bootstrap.text
                0x000000008cfe62fc        0x0 /toolchain/lib/gcc/sh4aeb-elf/13.2.0/../../../../sh4aeb-elf/lib/crt0.o

.data
 *(.data*)
                0x000000008cfe62fc                _edata = .
                [!provide]                        PROVIDE (edata = .)

.bss            0x000000008cfe62fc        0x8
 *(.bss*)
 .bss.__stdio_exit_handler
                0x000000008cfe62fc        0x4 /toolchain/lib/gcc/sh4aeb-elf/13.2.0/../../../../sh4aeb-elf/lib/libc.a(libc_a-findfp.o)
                0x000000008cfe62fc                ___stdio_exit_handler
 .bss.__atexit  0x000000008cfe6300        0x4 /toolchain/lib/gcc/sh4aeb-elf/13.2.0/../../../../sh4aeb-elf/lib/libc.a(libc_a-__call_atexit.o)
                0x000000008cfe6300                ___atexit
 *(COMMON)
                0x000000008cfe6304                _end = .
                [!provide]                        PROVIDE (end = .)

.eh_frame
 *(.eh_frame*)
OUTPUT(out/PhysForm.elf elf32-sh)

.comment        0x0000000000000000       0x23
 .comment       0x0000000000000000       0x24 /home/dev/tmp//ccQnutJn.ltrans0.ltrans.o
 .comment       0x0000000000000000       0x23 /toolchain/lib/gcc/sh4aeb-elf/13.2.0/../../../../sh4aeb-elf/lib/libc.a(libc_a-exit.o)
                                         0x24 (size before relaxing)
 .comment       0x0000000000000023       0x24 /toolchain/lib/gcc/sh4aeb-elf/13.2.0/../../../../sh4aeb-elf/lib/libc.a(libc_a-findfp.o)
 .comment       0x0000000000000023       0x24 /toolchain/lib/gcc/sh4aeb-elf/13.2.0/../../../../sh4aeb-elf/lib/libc.a(libc_a-syscalls.o)
 .comment       0x0000000000000023       0x24 /toolchain/lib/gcc/sh4aeb-elf/13.2.0/../../../../sh4aeb-elf/lib/libc.a(libc_a-__call_atexit.o)

.debug_info     0x0000000000000000     0x277c
 .debug_info    0x0000000000000000      0x106 /toolchain/lib/gcc/sh4aeb-elf/13.2.0/../../../../sh4aeb-elf/lib/libc.a(libc_a-exit.o)
 .debug_info    0x0000000000000106      0xca6 /toolchain/lib/gcc/sh4aeb-elf/13.2.0/../../../../sh4aeb-elf/lib/libc.a(libc_a-findfp.o)
 .debug_info    0x0000000000000dac     0x1742 /toolchain/lib/gcc/sh4aeb-elf/13.2.0/../../../../sh4aeb-elf/lib/libc.a(libc_a-syscalls.o)
 .debug_info    0x00000000000024ee      0x28e /toolchain/lib/gcc/sh4aeb-elf/13.2.0/../../../../sh4aeb-elf/lib/libc.a(libc_a-__call_atexit.o)

.debug_abbrev   0x0000000000000000      0xb7c
 .debug_abbrev  0x0000000000000000       0xd2 /toolchain/lib/gcc/sh4aeb-elf/13.2.0/../../../../sh4aeb-elf/lib/libc.a(libc_a-exit.o)
 .debug_abbrev  0x00000000000000d2      0x366 /toolchain/lib/gcc/sh4aeb-elf/13.2.0/../../../../sh4aeb-elf/lib/libc.a(libc_a-findfp.o)
 .debug_abbrev  0x0000000000000438      0x539 /toolchain/lib/gcc/sh4aeb-elf/13.2.0/../../../../sh4aeb-elf/lib/libc.a(libc_a-syscalls.o)
 .debug_abbrev  0x0000000000000971      0x20b /toolchain/lib/gcc/sh4aeb-elf/13.2.0/../../../../sh4aeb-elf/lib/libc.a(libc_a-__call_atexit.o)

.debug_loclists
                0x0000000000000000      0xb13
 .debug_loclists
                0x0000000000000000       0x1c /toolchain/lib/gcc/sh4aeb-elf/13.2.0/../../../../sh4aeb-elf/lib/libc.a(libc_a-exit.o)
 .debug_loclists
                0x000000000000001c      0x192 /toolchain/lib/gcc/sh4aeb-elf/13.2.0/../../../../sh4aeb-elf/lib/libc.a(libc_a-findfp.o)
 .debug_loclists
                0x00000000000001ae      0x884 /toolchain/lib/gcc/sh4aeb-elf/13.2.0/../../../../sh4aeb-elf/lib/libc.a(libc_a-syscalls.o)
 .debug_loclists
                0x0000000000000a32       0xe1 /toolchain/lib/gcc/sh4aeb-elf/13.2.0/../../../../sh4aeb-elf/lib/libc.a(libc_a-__call_atexit.o)

.debug_aranges  0x0000000000000000      0x218
 .debug_aranges
                0x0000000000000000       0x20 /toolchain/lib/gcc/sh4aeb-elf/13.2.0/../../../../sh4aeb-elf/lib/libc.a(libc_a-exit.o)
 .debug_aranges
                0x0000000000000020       0x48 /toolchain/lib/gcc/sh4aeb-elf/13.2.0/../../../../sh4aeb-elf/lib/libc.a(libc_a-findfp.o)
 .debug_aranges
                0x0000000000000068      0x188 /toolchain/lib/gcc/sh4aeb-elf/13.2.0/../../../../sh4aeb-elf/lib/libc.a(libc_a-syscalls.o)
 .debug_aranges
                0x00000000000001f0       0x28 /toolchain/lib/gcc/sh4aeb-elf/13.2.0/../../../../sh4aeb-elf/lib/libc.a(libc_a-__call_atexit.o)

.debug_rnglists
                0x0000000000000000      0x26d
 .debug_rnglists
                0x0000000000000000       0x13 /toolchain/lib/gcc/sh4aeb-elf/13.2.0/../../../../sh4aeb-elf/lib/libc.a(libc_a-exit.o)
 .debug_rnglists
                0x0000000000000013       0x68 /toolchain/lib/gcc/sh4aeb-elf/13.2.0/../../../../sh4aeb-elf/lib/libc.a(libc_a-findfp.o)
 .debug_rnglists
                0x000000000000007b      0x1b8 /toolchain/lib/gcc/sh4aeb-elf/13.2.0/../../../../sh4aeb-elf/lib/libc.a(libc_a-syscalls.o)
 .debug_rnglists
                0x0000000000000233       0x3a /toolchain/lib/gcc/sh4aeb-elf/13.2.0/../../../../sh4aeb-elf/lib/libc.a(libc_a-__call_atexit.o)

.debug_line     0x0000000000000000     0x1548
 .debug_line    0x0000000000000000      0x153 /toolchain/lib/gcc/sh4aeb-elf/13.2.0/../../../../sh4aeb-elf/lib/libc.a(libc_a-exit.o)
 .debug_line    0x0000000000000153      0x491 /toolchain/lib/gcc/sh4aeb-elf/13.2.0/../../../../sh4aeb-elf/lib/libc.a(libc_a-findfp.o)
 .debug_line    0x00000000000005e4      0xcc0 /toolchain/lib/gcc/sh4aeb-elf/13.2.0/../../../../sh4aeb-elf/lib/libc.a(libc_a-syscalls.o)
 .debug_line    0x00000000000012a4      0x2a4 /toolchain/lib/gcc/sh4aeb-elf/13.2.0/../../../../sh4aeb-elf/lib/libc.a(libc_a-__call_atexit.o)

.debug_str      0x0000000000000000      0xccc
 .debug_str     0x0000000000000000      0x16a /toolchain/lib/gcc/sh4aeb-elf/13.2.0/../../../../sh4aeb-elf/lib/libc.a(libc_a-exit.o)
                                        0x1a8 (size before relaxing)
 .debug_str     0x000000000000016a      0x441 /toolchain/lib/gcc/sh4aeb-elf/13.2.0/../../../../sh4aeb-elf/lib/libc.a(libc_a-findfp.o)
                                        0x617 (size before relaxing)
 .debug_str     0x00000000000005ab      0x639 /toolchain/lib/gcc/sh4aeb-elf/13.2.0/../../../../sh4aeb-elf/lib/libc.a(libc_a-syscalls.o)
                                        0x864 (size before relaxing)
 .debug_str     0x0000000000000be4       0xe8 /toolchain/lib/gcc/sh4aeb-elf/13.2.0/../../../../sh4aeb-elf/lib/libc.a(libc_a-__call_atexit.o)
                                        0x24a (size before relaxing)

.debug_frame    0x0000000000000000      0x6f8
 .debug_frame   0x0000000000000000       0x2c /toolchain/lib/gcc/sh4aeb-elf/13.2.0/../../../../sh4aeb-elf/lib/libc.a(libc_a-exit.o)
 .debug_frame   0x000000000000002c       0xec /toolchain/lib/gcc/sh4aeb-elf/13.2.0/../../../../sh4aeb-elf/lib/libc.a(libc_a-findfp.o)
 .debug_frame   0x0000000000000118      0x560 /toolchain/lib/gcc/sh4aeb-elf/13.2.0/../../../../sh4aeb-elf/lib/libc.a(libc_a-syscalls.o)
 .debug_frame   0x0000000000000678       0x80 /toolchain/lib/gcc/sh4aeb-elf/13.2.0/../../../../sh4aeb-elf/lib/libc.a(libc_a-__call_atexit.o)
